Component: Arm Compiler for Embedded 6.23 Tool: armlink [5f102400]

==============================================================================

Section Cross References

    main.o(.text.main) refers to am_hal_clkgen.o(.text.am_hal_clkgen_control) for am_hal_clkgen_control
    main.o(.text.main) refers to am_hal_pwrctrl.o(.text.am_hal_pwrctrl_low_power_init) for am_hal_pwrctrl_low_power_init
    main.o(.text.main) refers to am_hal_rtc.o(.text.am_hal_rtc_osc_disable) for am_hal_rtc_osc_disable
    main.o(.text.main) refers to am1805.o(.text.am_devices_am1805_config_init) for am_devices_am1805_config_init
    main.o(.text.main) refers to taskhandler.o(.text.initSpecMeasurement) for initSpecMeasurement
    main.o(.text.main) refers to taskhandler.o(.text.executeSpecMeasurement) for executeSpecMeasurement
    main.o(.text.main) refers to taskhandler.o(.text.executeTempMeasurement) for executeTempMeasurement
    main.o(.text.main) refers to am_util_delay.o(.text.am_util_delay_ms) for am_util_delay_ms
    main.o(.ARM.exidx.text.main) refers to main.o(.text.main) for [Anonymous Symbol]
    am_hal_adc.o(.text.am_hal_adc_initialize) refers to am_hal_adc.o(.bss.g_ADCState) for g_ADCState
    am_hal_adc.o(.text.am_hal_adc_initialize) refers to am_hal_adc.o(.bss.g_ADCSlotsConfigured) for g_ADCSlotsConfigured
    am_hal_adc.o(.text.am_hal_adc_initialize) refers to am_hal_flash.o(.text.am_hal_flash_load_ui32) for am_hal_flash_load_ui32
    am_hal_adc.o(.text.am_hal_adc_initialize) refers to am_hal_adc.o(.bss.priv_temp_trims) for priv_temp_trims
    am_hal_adc.o(.ARM.exidx.text.am_hal_adc_initialize) refers to am_hal_adc.o(.text.am_hal_adc_initialize) for [Anonymous Symbol]
    am_hal_adc.o(.text.am_hal_adc_deinitialize) refers to am_hal_adc.o(.text.am_hal_adc_disable) for am_hal_adc_disable
    am_hal_adc.o(.ARM.exidx.text.am_hal_adc_deinitialize) refers to am_hal_adc.o(.text.am_hal_adc_deinitialize) for [Anonymous Symbol]
    am_hal_adc.o(.ARM.exidx.text.am_hal_adc_disable) refers to am_hal_adc.o(.text.am_hal_adc_disable) for [Anonymous Symbol]
    am_hal_adc.o(.ARM.exidx.text.am_hal_adc_configure) refers to am_hal_adc.o(.text.am_hal_adc_configure) for [Anonymous Symbol]
    am_hal_adc.o(.text.am_hal_adc_configure_slot) refers to am_hal_adc.o(.bss.g_ADCSlotsConfigured) for g_ADCSlotsConfigured
    am_hal_adc.o(.ARM.exidx.text.am_hal_adc_configure_slot) refers to am_hal_adc.o(.text.am_hal_adc_configure_slot) for [Anonymous Symbol]
    am_hal_adc.o(.text.am_hal_adc_configure_dma) refers to am_hal_adc.o(.bss.g_ADCSlotsConfigured) for g_ADCSlotsConfigured
    am_hal_adc.o(.ARM.exidx.text.am_hal_adc_configure_dma) refers to am_hal_adc.o(.text.am_hal_adc_configure_dma) for [Anonymous Symbol]
    am_hal_adc.o(.text.am_hal_adc_control) refers to am_hal_adc.o(.bss.priv_temp_trims) for priv_temp_trims
    am_hal_adc.o(.text.am_hal_adc_control) refers to am_hal_adc.o(.bss.g_fTempEqnTerms) for g_fTempEqnTerms
    am_hal_adc.o(.ARM.exidx.text.am_hal_adc_control) refers to am_hal_adc.o(.text.am_hal_adc_control) for [Anonymous Symbol]
    am_hal_adc.o(.ARM.exidx.text.am_hal_adc_enable) refers to am_hal_adc.o(.text.am_hal_adc_enable) for [Anonymous Symbol]
    am_hal_adc.o(.ARM.exidx.text.am_hal_adc_status_get) refers to am_hal_adc.o(.text.am_hal_adc_status_get) for [Anonymous Symbol]
    am_hal_adc.o(.ARM.exidx.text.am_hal_adc_interrupt_enable) refers to am_hal_adc.o(.text.am_hal_adc_interrupt_enable) for [Anonymous Symbol]
    am_hal_adc.o(.ARM.exidx.text.am_hal_adc_interrupt_disable) refers to am_hal_adc.o(.text.am_hal_adc_interrupt_disable) for [Anonymous Symbol]
    am_hal_adc.o(.ARM.exidx.text.am_hal_adc_interrupt_status) refers to am_hal_adc.o(.text.am_hal_adc_interrupt_status) for [Anonymous Symbol]
    am_hal_adc.o(.ARM.exidx.text.am_hal_adc_interrupt_clear) refers to am_hal_adc.o(.text.am_hal_adc_interrupt_clear) for [Anonymous Symbol]
    am_hal_adc.o(.ARM.exidx.text.am_hal_adc_samples_read) refers to am_hal_adc.o(.text.am_hal_adc_samples_read) for [Anonymous Symbol]
    am_hal_adc.o(.ARM.exidx.text.am_hal_adc_sw_trigger) refers to am_hal_adc.o(.text.am_hal_adc_sw_trigger) for [Anonymous Symbol]
    am_hal_adc.o(.text.am_hal_adc_power_control) refers to am_hal_pwrctrl.o(.text.am_hal_pwrctrl_periph_enable) for am_hal_pwrctrl_periph_enable
    am_hal_adc.o(.text.am_hal_adc_power_control) refers to am_hal_pwrctrl.o(.text.am_hal_pwrctrl_periph_disable) for am_hal_pwrctrl_periph_disable
    am_hal_adc.o(.ARM.exidx.text.am_hal_adc_power_control) refers to am_hal_adc.o(.text.am_hal_adc_power_control) for [Anonymous Symbol]
    am_hal_ble.o(.ARM.exidx.text.am_hal_ble_wakeup_set) refers to am_hal_ble.o(.text.am_hal_ble_wakeup_set) for [Anonymous Symbol]
    am_hal_ble.o(.text.am_hal_ble_initialize) refers to am_hal_ble.o(.bss.g_sBLEState) for g_sBLEState
    am_hal_ble.o(.ARM.exidx.text.am_hal_ble_initialize) refers to am_hal_ble.o(.text.am_hal_ble_initialize) for [Anonymous Symbol]
[...]
    .ARM.Collect$$rtexit$$00000004           0x0000c1fc   Section        6  rtexit2.o(.ARM.Collect$$rtexit$$00000004)
    $v0                                      0x0000c204   Number         0  startup_apollo3.o(.text)
    .text                                    0x0000c204   Section       24  startup_apollo3.o(.text)
    .text                                    0x0000c21c   Section        0  heapauxi.o(.text)
    .text                                    0x0000c224   Section        8  libspace.o(.text)
    .text                                    0x0000c22c   Section       74  sys_stackheap_outer.o(.text)
    .text                                    0x0000c276   Section        0  exit.o(.text)
    .text                                    0x0000c288   Section        0  sys_exit.o(.text)
    .text                                    0x0000c294   Section        2  use_no_semi.o(.text)
    .text                                    0x0000c296   Section        0  indicate_semi.o(.text)
    [Anonymous Symbol]                       0x0000c298   Section        0  am_util_faultisr.o(.text.HardFault_Handler)
    [Anonymous Symbol]                       0x0000c2b4   Section        0  sht4.o(.text.SHT4x_GetTempAndHumi)
    [Anonymous Symbol]                       0x0000c3b8   Section        0  taskhandler.o(.text.SpectrometerMeasurement)
    __NVIC_DisableIRQ                        0x0000c461   Thumb Code    56  timing.o(.text.__NVIC_DisableIRQ)
    [Anonymous Symbol]                       0x0000c460   Section        0  timing.o(.text.__NVIC_DisableIRQ)
    __NVIC_EnableIRQ                         0x0000c499   Thumb Code    48  timing.o(.text.__NVIC_EnableIRQ)
    [Anonymous Symbol]                       0x0000c498   Section        0  timing.o(.text.__NVIC_EnableIRQ)
    [Anonymous Symbol]                       0x0000c4c8   Section        0  pammeasurements.o(.text.am_adc_isr)
    [Anonymous Symbol]                       0x0000c558   Section        0  timing.o(.text.am_ctimer_isr)
    [Anonymous Symbol]                       0x0000c59c   Section        0  i2c.o(.text.am_device_command_read)
    [Anonymous Symbol]                       0x0000c614   Section        0  i2c.o(.text.am_device_command_write)
    [Anonymous Symbol]                       0x0000c688   Section        0  am1805.o(.text.am_devices_am1805_config_init)
    [Anonymous Symbol]                       0x0000c78c   Section        0  am1805.o(.text.am_devices_am1805_read_register)
    [Anonymous Symbol]                       0x0000c7e0   Section        0  dac63002.o(.text.am_devices_dac63002_1_set_output)
    [Anonymous Symbol]                       0x0000c838   Section        0  gpio.o(.text.am_gpio_isr)
    [Anonymous Symbol]                       0x0000c860   Section        0  am_hal_adc.o(.text.am_hal_adc_interrupt_clear)
    [Anonymous Symbol]                       0x0000c8b4   Section        0  am_hal_adc.o(.text.am_hal_adc_interrupt_status)
    [Anonymous Symbol]                       0x0000c938   Section        0  am_hal_cachectrl.o(.text.am_hal_cachectrl_control)
    [Anonymous Symbol]                       0x0000cbd8   Section        0  am_hal_clkgen.o(.text.am_hal_clkgen_control)
    [Anonymous Symbol]                       0x0000cd6c   Section        0  am_hal_clkgen.o(.text.am_hal_clkgen_status_get)
    [Anonymous Symbol]                       0x0000cdd0   Section        0  am_hal_cmdq.o(.text.am_hal_cmdq_disable)
    [Anonymous Symbol]                       0x0000ce3c   Section        0  am_hal_cmdq.o(.text.am_hal_cmdq_enable)
    [Anonymous Symbol]                       0x0000cea8   Section        0  am_hal_cmdq.o(.text.am_hal_cmdq_init)
    [Anonymous Symbol]                       0x0000cfd4   Section        0  am_hal_ctimer.o(.text.am_hal_ctimer_int_clear)
    [Anonymous Symbol]                       0x0000cff8   Section        0  am_hal_ctimer.o(.text.am_hal_ctimer_int_status_get)
    [Anonymous Symbol]                       0x0000d04c   Section        0  am_hal_flash.o(.text.am_hal_flash_delay)
    [Anonymous Symbol]                       0x0000d09c   Section        0  am_hal_flash.o(.text.am_hal_flash_delay_status_check)
    [Anonymous Symbol]                       0x0000d110   Section        0  am_hal_flash.o(.text.am_hal_flash_load_ui32)
    [Anonymous Symbol]                       0x0000d128   Section        0  am_hal_flash.o(.text.am_hal_flash_store_ui32)
    [Anonymous Symbol]                       0x0000d164   Section        0  am_hal_gpio.o(.text.am_hal_gpio_interrupt_clear)
    [Anonymous Symbol]                       0x0000d1ac   Section        0  am_hal_gpio.o(.text.am_hal_gpio_interrupt_service)
    [Anonymous Symbol]                       0x0000d29c   Section        0  am_hal_gpio.o(.text.am_hal_gpio_interrupt_status_get)
    [Anonymous Symbol]                       0x0000d338   Section        0  am_hal_gpio.o(.text.am_hal_gpio_pinconfig)
    [Anonymous Symbol]                       0x0000d6fc   Section        0  am_hal_gpio.o(.text.am_hal_gpio_state_write)
    [Anonymous Symbol]                       0x0000d7d0   Section        0  am_hal_interrupt.o(.text.am_hal_interrupt_master_disable)
    [Anonymous Symbol]                       0x0000d7d8   Section        0  am_hal_interrupt.o(.text.am_hal_interrupt_master_set)
    [Anonymous Symbol]                       0x0000d7e0   Section        0  am_hal_iom.o(.text.am_hal_iom_CQDisable)
    [Anonymous Symbol]                       0x0000d7f8   Section        0  am_hal_iom.o(.text.am_hal_iom_CQEnable)
    [Anonymous Symbol]                       0x0000d83c   Section        0  am_hal_iom.o(.text.am_hal_iom_CQInit)
    [Anonymous Symbol]                       0x0000d89c   Section        0  am_hal_iom.o(.text.am_hal_iom_blocking_transfer)
    [Anonymous Symbol]                       0x0000dda8   Section        0  am_hal_iom.o(.text.am_hal_iom_configure)
    [Anonymous Symbol]                       0x0000dffc   Section        0  am_hal_iom.o(.text.am_hal_iom_enable)
    [Anonymous Symbol]                       0x0000e0f4   Section        0  am_hal_iom.o(.text.am_hal_iom_initialize)
    [Anonymous Symbol]                       0x0000e190   Section        0  am_hal_iom.o(.text.am_hal_iom_power_ctrl)
    [Anonymous Symbol]                       0x0000e4fc   Section        0  am_hal_mcuctrl.o(.text.am_hal_mcuctrl_control)
    [Anonymous Symbol]                       0x0000e750   Section        0  am_hal_mcuctrl.o(.text.am_hal_mcuctrl_info_get)
    [Anonymous Symbol]                       0x0000e800   Section        0  am_hal_pwrctrl.o(.text.am_hal_pwrctrl_blebuck_trim)
    [Anonymous Symbol]                       0x0000e854   Section        0  am_hal_pwrctrl.o(.text.am_hal_pwrctrl_low_power_init)
    [Anonymous Symbol]                       0x0000e970   Section        0  am_hal_pwrctrl.o(.text.am_hal_pwrctrl_periph_disable)
    [Anonymous Symbol]                       0x0000ea2c   Section        0  am_hal_pwrctrl.o(.text.am_hal_pwrctrl_periph_enable)
    [Anonymous Symbol]                       0x0000eb10   Section        0  am_hal_rtc.o(.text.am_hal_rtc_int_clear)
    [Anonymous Symbol]                       0x0000eb24   Section        0  am_hal_rtc.o(.text.am_hal_rtc_int_status_get)
    [Anonymous Symbol]                       0x0000eb74   Section        0  am_hal_rtc.o(.text.am_hal_rtc_osc_disable)
    [Anonymous Symbol]                       0x0000eb88   Section        0  am_hal_stimer.o(.text.am_hal_stimer_compare_delta_set)
    [Anonymous Symbol]                       0x0000ec40   Section        0  am_hal_stimer.o(.text.am_hal_stimer_config)
    [Anonymous Symbol]                       0x0000ec5c   Section        0  am_hal_stimer.o(.text.am_hal_stimer_int_clear)
    [Anonymous Symbol]                       0x0000ec70   Section        0  am_hal_stimer.o(.text.am_hal_stimer_int_disable)
    [Anonymous Symbol]                       0x0000ec88   Section        0  am_hal_stimer.o(.text.am_hal_stimer_int_enable)
    [Anonymous Symbol]                       0x0000eca0   Section        0  am_hal_sysctrl.o(.text.am_hal_sysctrl_sleep)
    [Anonymous Symbol]                       0x0000ede4   Section        0  rtc.o(.text.am_rtc_isr)
    [Anonymous Symbol]                       0x0000edfc   Section        0  timing.o(.text.am_stimer_cmpr0_isr)
    [Anonymous Symbol]                       0x0000ee54   Section        0  timing.o(.text.am_stimer_cmpr4_isr)
    [Anonymous Symbol]                       0x0000ee6c   Section        0  timing.o(.text.am_stimer_cmpr5_isr)
    [Anonymous Symbol]                       0x0000eeb4   Section        0  am_util_delay.o(.text.am_util_delay_ms)
    [Anonymous Symbol]                       0x0000eee4   Section        0  am_util_faultisr.o(.text.am_util_faultisr_collect_data)
    [Anonymous Symbol]                       0x0000efb8   Section        0  am_util_stdio.o(.text.am_util_stdio_printf)
    [Anonymous Symbol]                       0x0000f014   Section        0  am_util_stdio.o(.text.am_util_stdio_vsprintf)
    [Anonymous Symbol]                       0x0000f668   Section        0  as7341.o(.text.as7341_config)
    [Anonymous Symbol]                       0x0000f6d4   Section        0  as7341.o(.text.as7341_convertGain)
    [Anonymous Symbol]                       0x0000f758   Section        0  as7341.o(.text.as7341_delayForData)
    [Anonymous Symbol]                       0x0000f7e0   Section        0  as7341.o(.text.as7341_delayForSMUX)
    [Anonymous Symbol]                       0x0000f868   Section        0  as7341.o(.text.as7341_enable)
    [Anonymous Symbol]                       0x0000f8b4   Section        0  as7341.o(.text.as7341_getASTEP)
    [Anonymous Symbol]                       0x0000f90c   Section        0  as7341.o(.text.as7341_getATIME)
    [Anonymous Symbol]                       0x0000f968   Section        0  as7341.o(.text.as7341_getGain)
    [Anonymous Symbol]                       0x0000f9c8   Section        0  as7341.o(.text.as7341_getTINT)
    [Anonymous Symbol]                       0x0000faa0   Section        0  as7341.o(.text.as7341_setASTEP)
    [Anonymous Symbol]                       0x0000faf8   Section        0  as7341.o(.text.as7341_setATIME)
    [Anonymous Symbol]                       0x0000fb4c   Section        0  as7341.o(.text.as7341_setGain)
    [Anonymous Symbol]                       0x0000fba0   Section        0  as7341.o(.text.as7341_startMeasurement)
    [Anonymous Symbol]                       0x0000fbf0   Section        0  as7341.o(.text.as7341_stopMeasuring)
    [Anonymous Symbol]                       0x0000fc40   Section        0  as7341.o(.text.as7341_testCommunication)
    [Anonymous Symbol]                       0x0000fcb0   Section        0  as7341.o(.text.as7341_transmitMeasurements)
    [Anonymous Symbol]                       0x0000fdc4   Section        0  as7341.o(.text.as7341_writeSMUXmapping)
    [Anonymous Symbol]                       0x000101a8   Section        0  taskhandler.o(.text.autogainSpec)
    build_cmd                                0x00010205   Thumb Code   126  am_hal_iom.o(.text.build_cmd)
    [Anonymous Symbol]                       0x00010204   Section        0  am_hal_iom.o(.text.build_cmd)
    calculate_crc                            0x00010285   Thumb Code   150  sht4.o(.text.calculate_crc)
    [Anonymous Symbol]                       0x00010284   Section        0  sht4.o(.text.calculate_crc)
    compute_freq                             0x0001031d   Thumb Code    84  am_hal_iom.o(.text.compute_freq)
    [Anonymous Symbol]                       0x0001031c   Section        0  am_hal_iom.o(.text.compute_freq)
    [Anonymous Symbol]                       0x00010370   Section        0  dac63002.o(.text.dataPrepare)
    decstr_to_int                            0x00010395   Thumb Code   166  am_util_stdio.o(.text.decstr_to_int)
    [Anonymous Symbol]                       0x00010394   Section        0  am_util_stdio.o(.text.decstr_to_int)
    [Anonymous Symbol]                       0x0001043c   Section        0  i2c.o(.text.device_I2C_init)
    device_info_get                          0x000105b1   Thumb Code   316  am_hal_mcuctrl.o(.text.device_info_get)
    [Anonymous Symbol]                       0x000105b0   Section        0  am_hal_mcuctrl.o(.text.device_info_get)
    divu64_10                                0x000106ed   Thumb Code   280  am_util_stdio.o(.text.divu64_10)
    [Anonymous Symbol]                       0x000106ec   Section        0  am_util_stdio.o(.text.divu64_10)
    enable_submodule                         0x00010805   Thumb Code    72  am_hal_iom.o(.text.enable_submodule)
    [Anonymous Symbol]                       0x00010804   Section        0  am_hal_iom.o(.text.enable_submodule)
    [Anonymous Symbol]                       0x0001084c   Section        0  taskhandler.o(.text.executeSpecMeasurement)
    [Anonymous Symbol]                       0x00010a3c   Section        0  taskhandler.o(.text.executeTempMeasurement)
    ftoa                                     0x00010a99   Thumb Code   560  am_util_stdio.o(.text.ftoa)
    [Anonymous Symbol]                       0x00010a98   Section        0  am_util_stdio.o(.text.ftoa)
    [Anonymous Symbol]                       0x00010cc8   Section        0  am_util_faultisr.o(.text.getStackedReg)
    [Anonymous Symbol]                       0x00010cd0   Section        0  gpio.o(.text.gpioWrite)
    [Anonymous Symbol]                       0x00010d08   Section        0  taskhandler.o(.text.initSpecMeasurement)
    [Anonymous Symbol]                       0x00010d30   Section        0  am_hal_iom.o(.text.internal_iom_get_int_err)
    internal_iom_reset_on_error              0x00010dad   Thumb Code   590  am_hal_iom.o(.text.internal_iom_reset_on_error)
    [Anonymous Symbol]                       0x00010dac   Section        0  am_hal_iom.o(.text.internal_iom_reset_on_error)
    iom_get_interface_clock_cfg              0x00010ffd   Thumb Code   602  am_hal_iom.o(.text.iom_get_interface_clock_cfg)
    [Anonymous Symbol]                       0x00010ffc   Section        0  am_hal_iom.o(.text.iom_get_interface_clock_cfg)
    [Anonymous Symbol]                       0x00011258   Section        0  main.o(.text.main)
    mcuctrl_fault_status                     0x00011291   Thumb Code   102  am_hal_mcuctrl.o(.text.mcuctrl_fault_status)
    [Anonymous Symbol]                       0x00011290   Section        0  am_hal_mcuctrl.o(.text.mcuctrl_fault_status)
    ndigits_in_hex                           0x000112f9   Thumb Code    62  am_util_stdio.o(.text.ndigits_in_hex)
    [Anonymous Symbol]                       0x000112f8   Section        0  am_util_stdio.o(.text.ndigits_in_hex)
    ndigits_in_i64                           0x00011339   Thumb Code    48  am_util_stdio.o(.text.ndigits_in_i64)
    [Anonymous Symbol]                       0x00011338   Section        0  am_util_stdio.o(.text.ndigits_in_i64)
    ndigits_in_u64                           0x00011369   Thumb Code    60  am_util_stdio.o(.text.ndigits_in_u64)
    [Anonymous Symbol]                       0x00011368   Section        0  am_util_stdio.o(.text.ndigits_in_u64)
    onebit                                   0x000113a5   Thumb Code    40  am_hal_iom.o(.text.onebit)
    [Anonymous Symbol]                       0x000113a4   Section        0  am_hal_iom.o(.text.onebit)
    padbuffer                                0x000113cd   Thumb Code    80  am_util_stdio.o(.text.padbuffer)
    [Anonymous Symbol]                       0x000113cc   Section        0  am_util_stdio.o(.text.padbuffer)
    pincfg_equ                               0x0001141d   Thumb Code    34  am_hal_gpio.o(.text.pincfg_equ)
    [Anonymous Symbol]                       0x0001141c   Section        0  am_hal_gpio.o(.text.pincfg_equ)
    pwrctrl_periph_disable_msk_check         0x00011441   Thumb Code   222  am_hal_pwrctrl.o(.text.pwrctrl_periph_disable_msk_check)
    [Anonymous Symbol]                       0x00011440   Section        0  am_hal_pwrctrl.o(.text.pwrctrl_periph_disable_msk_check)
    set_LPMMODE                              0x00011521   Thumb Code   102  am_hal_cachectrl.o(.text.set_LPMMODE)
    [Anonymous Symbol]                       0x00011520   Section        0  am_hal_cachectrl.o(.text.set_LPMMODE)
    set_RDWAIT                               0x00011589   Thumb Code   102  am_hal_cachectrl.o(.text.set_RDWAIT)
    [Anonymous Symbol]                       0x00011588   Section        0  am_hal_cachectrl.o(.text.set_RDWAIT)
    set_SEDELAY                              0x000115f1   Thumb Code   102  am_hal_cachectrl.o(.text.set_SEDELAY)
    [Anonymous Symbol]                       0x000115f0   Section        0  am_hal_cachectrl.o(.text.set_SEDELAY)
    [Anonymous Symbol]                       0x00011658   Section        0  sht4.o(.text.sht4_read_temp_humidity)
    simobuck_updates                         0x000117dd   Thumb Code   160  am_hal_pwrctrl.o(.text.simobuck_updates)
    [Anonymous Symbol]                       0x000117dc   Section        0  am_hal_pwrctrl.o(.text.simobuck_updates)
    simple_strlen                            0x0001187d   Thumb Code    54  am_util_stdio.o(.text.simple_strlen)
    [Anonymous Symbol]                       0x0001187c   Section        0  am_util_stdio.o(.text.simple_strlen)
    [Anonymous Symbol]                       0x000118b4   Section        0  timing.o(.text.timerDelay)
    [Anonymous Symbol]                       0x0001191c   Section        0  device.o(.text.turnOffTemp)
    [Anonymous Symbol]                       0x00011938   Section        0  device.o(.text.turnOnI2C)
    uint64_to_hexstr                         0x00011999   Thumb Code   192  am_util_stdio.o(.text.uint64_to_hexstr)
    [Anonymous Symbol]                       0x00011998   Section        0  am_util_stdio.o(.text.uint64_to_hexstr)
    uint64_to_str                            0x00011a59   Thumb Code   136  am_util_stdio.o(.text.uint64_to_str)
    [Anonymous Symbol]                       0x00011a58   Section        0  am_util_stdio.o(.text.uint64_to_str)
    [Anonymous Symbol]                       0x00011ae0   Section        0  am_hal_iom.o(.text.validate_transaction)
    $v0                                      0x00011bc0   Number         0  d2f.o(x$fpl$d2f)
    x$fpl$d2f                                0x00011bc0   Section       98  d2f.o(x$fpl$d2f)
    $v0                                      0x00011c24   Number         0  daddsub_clz.o(x$fpl$dadd)
    x$fpl$dadd                               0x00011c24   Section      336  daddsub_clz.o(x$fpl$dadd)
    _dadd1                                   0x00011c35   Thumb Code     0  daddsub_clz.o(x$fpl$dadd)
    $v0                                      0x00011d74   Number         0  ddiv.o(x$fpl$ddiv)
    x$fpl$ddiv                               0x00011d74   Section      696  ddiv.o(x$fpl$ddiv)
    ddiv_entry                               0x00011d7b   Thumb Code     0  ddiv.o(x$fpl$ddiv)
    $v0                                      0x0001202c   Number         0  dfix.o(x$fpl$dfix)
    x$fpl$dfix                               0x0001202c   Section       94  dfix.o(x$fpl$dfix)
    $v0                                      0x0001208a   Number         0  dflt_clz.o(x$fpl$dfltu)
    x$fpl$dfltu                              0x0001208a   Section       38  dflt_clz.o(x$fpl$dfltu)
    $v0                                      0x000120b0   Number         0  dmul.o(x$fpl$dmul)
    x$fpl$dmul                               0x000120b0   Section      340  dmul.o(x$fpl$dmul)
    $v0                                      0x00012204   Number         0  dnaninf.o(x$fpl$dnaninf)
    x$fpl$dnaninf                            0x00012204   Section      156  dnaninf.o(x$fpl$dnaninf)
    $v0                                      0x000122a0   Number         0  dretinf.o(x$fpl$dretinf)
    x$fpl$dretinf                            0x000122a0   Section       12  dretinf.o(x$fpl$dretinf)
    $v0                                      0x000122ac   Number         0  daddsub_clz.o(x$fpl$dsub)
    x$fpl$dsub                               0x000122ac   Section      476  daddsub_clz.o(x$fpl$dsub)
    _dsub1                                   0x000122bd   Thumb Code     0  daddsub_clz.o(x$fpl$dsub)
    $v0                                      0x00012488   Number         0  f2d.o(x$fpl$f2d)
    x$fpl$f2d                                0x00012488   Section       86  f2d.o(x$fpl$f2d)
    $v0                                      0x000124de   Number         0  fnaninf.o(x$fpl$fnaninf)
    x$fpl$fnaninf                            0x000124de   Section      140  fnaninf.o(x$fpl$fnaninf)
    $v0                                      0x0001256a   Number         0  fpinit.o(x$fpl$fpinit)
    x$fpl$fpinit                             0x0001256a   Section       26  fpinit.o(x$fpl$fpinit)
    $v0                                      0x00012584   Number         0  fretinf.o(x$fpl$fretinf)
    x$fpl$fretinf                            0x00012584   Section       10  fretinf.o(x$fpl$fretinf)
    x$fpl$usenofp                            0x0001258e   Section        0  usenofp.o(x$fpl$usenofp)
    gAmHalCmdQReg                            0x00012644   Data         320  am_hal_cmdq.o(.rodata.gAmHalCmdQReg)
    [Anonymous Symbol]                       0x00012644   Section        0  am_hal_cmdq.o(.rodata.gAmHalCmdQReg)
    g_ui8Bit76Capabilities                   0x00012874   Data          50  am_hal_gpio.o(.rodata.g_ui8Bit76Capabilities)
    [Anonymous Symbol]                       0x00012874   Section        0  am_hal_gpio.o(.rodata.g_ui8Bit76Capabilities)
    g_ui8Inpen                               0x000128a6   Data          50  am_hal_gpio.o(.rodata.g_ui8Inpen)
    [Anonymous Symbol]                       0x000128a6   Section        0  am_hal_gpio.o(.rodata.g_ui8Inpen)
    g_ui8NCEtable                            0x000128d8   Data         200  am_hal_gpio.o(.rodata.g_ui8NCEtable)
    [Anonymous Symbol]                       0x000128d8   Section        0  am_hal_gpio.o(.rodata.g_ui8NCEtable)
    g_ui8nCEpins                             0x000129a0   Data          50  am_hal_gpio.o(.rodata.g_ui8nCEpins)
    [Anonymous Symbol]                       0x000129a0   Section        0  am_hal_gpio.o(.rodata.g_ui8nCEpins)
    [Anonymous Symbol]                       0x000129d2   Section        0  pammeasurements.o(.rodata.str1.1)
    .L.str.3                                 0x00012a24   Data          37  pammeasurements.o(.rodata.str1.1)
    .L.str.4                                 0x00012a49   Data          49  pammeasurements.o(.rodata.str1.1)
    .L.str.5                                 0x00012a7a   Data          30  pammeasurements.o(.rodata.str1.1)
    .L.str.6                                 0x00012a98   Data          33  pammeasurements.o(.rodata.str1.1)
    .L.str.7                                 0x00012ab9   Data          40  pammeasurements.o(.rodata.str1.1)
    .L.str.8                                 0x00012ae1   Data          30  pammeasurements.o(.rodata.str1.1)
    .L.str.9                                 0x00012aff   Data          15  pammeasurements.o(.rodata.str1.1)
    .L.str.10                                0x00012b0e   Data          23  pammeasurements.o(.rodata.str1.1)
    .L.str.11                                0x00012b25   Data          36  pammeasurements.o(.rodata.str1.1)
    .L.str.2                                 0x00012b39   Data           9  pammeasurements.o(.rodata.str1.1)
    .L.str.12                                0x00012b49   Data          19  pammeasurements.o(.rodata.str1.1)
    .L.str.13                                0x00012b5c   Data          14  pammeasurements.o(.rodata.str1.1)
    .L.str.14                                0x00012b6a   Data          36  pammeasurements.o(.rodata.str1.1)
    .L.str                                   0x00012b8d   Data          36  pammeasurements.o(.rodata.str1.1)
    .L.str.15                                0x00012b8e   Data          15  pammeasurements.o(.rodata.str1.1)
    .L.str.16                                0x00012b9d   Data          16  pammeasurements.o(.rodata.str1.1)
    .L.str.17                                0x00012bad   Data          11  pammeasurements.o(.rodata.str1.1)
    .L.str.1                                 0x00012bb1   Data          37  pammeasurements.o(.rodata.str1.1)
    .L.str.18                                0x00012bb8   Data          45  pammeasurements.o(.rodata.str1.1)
    .L.str.1                                 0x00012be5   Data          31  sht4.o(.rodata.str1.1)
    [Anonymous Symbol]                       0x00012be5   Section        0  sht4.o(.rodata.str1.1)
    .L.str                                   0x00012c04   Data          47  sht4.o(.rodata.str1.1)
    new_gain                                 0x1000001c   Data           1  taskhandler.o(.data.new_gain)
    [Anonymous Symbol]                       0x1000001c   Section        0  taskhandler.o(.data.new_gain)
    .bss                                     0x10000020   Section       96  libspace.o(.bss)
    gAmHalCmdq                               0x10000490   Data         352  am_hal_cmdq.o(.bss.gAmHalCmdq)
    [Anonymous Symbol]                       0x10000490   Section        0  am_hal_cmdq.o(.bss.gAmHalCmdq)
    g_ADCHandle                              0x100005f4   Data           4  pammeasurements.o(.bss.g_ADCHandle)
    [Anonymous Symbol]                       0x100005f4   Section        0  pammeasurements.o(.bss.g_ADCHandle)
    g_bTxtXlate                              0x100039d6   Data           1  am_util_stdio.o(.bss.g_bTxtXlate)
    [Anonymous Symbol]                       0x100039d6   Section        0  am_util_stdio.o(.bss.g_bTxtXlate)
    g_prfbuf                                 0x100039dc   Data        1024  am_util_stdio.o(.bss.g_prfbuf)
    [Anonymous Symbol]                       0x100039dc   Section        0  am_util_stdio.o(.bss.g_prfbuf)
    gpio_pHandlerCtxt                        0x10003ddc   Data         200  am_hal_gpio.o(.bss.gpio_pHandlerCtxt)
    [Anonymous Symbol]                       0x10003ddc   Section        0  am_hal_gpio.o(.bss.gpio_pHandlerCtxt)
    gpio_ppfnHandlers                        0x10003ea4   Data         200  am_hal_gpio.o(.bss.gpio_ppfnHandlers)
    [Anonymous Symbol]                       0x10003ea4   Section        0  am_hal_gpio.o(.bss.gpio_ppfnHandlers)
    parInitialized                           0x10003f78   Data           1  taskhandler.o(.bss.parInitialized)
    [Anonymous Symbol]                       0x10003f78   Section        0  taskhandler.o(.bss.parInitialized)
    HeapMem                                  0x10003f88   Data           0  startup_apollo3.o(HEAP)
    StackMem                                 0x10003f88   Data           0  startup_apollo3.o(STACK)
    HEAP                                     0x10003f88   Section        0  startup_apollo3.o(HEAP)
    STACK                                    0x10003f88   Section     4096  startup_apollo3.o(STACK)

    Global Symbols

    Symbol Name                              Value     Ov Type        Size  Object(Section)

    BuildAttributes$$THM_ISAv4$E$P$D$K$B$S$7EM$VFPi3$EXTD16$VFPS$VFMA$PE$A:L22UL41UL21$X:L11$S22US41US21$IEEE1$IW$~IW$USESV6$~STKCKD$USESV7$~SHL$OTIME$ROPI$IEEEX$EBA8$UX$STANDARDLIB$REQ8$PRES8$EABIv2 0x00000000   Number         0  anon$$obj.o ABSOLUTE
    __ARM_exceptions_init                     - Undefined Weak Reference
    __alloca_initialize                       - Undefined Weak Reference
    __arm_preinit_                            - Undefined Weak Reference
    __arm_relocate_pie_                       - Undefined Weak Reference
    __cpp_initialize__aeabi_                  - Undefined Weak Reference
    __cxa_finalize                            - Undefined Weak Reference
    __rt_locale                               - Undefined Weak Reference
    __sigvec_lookup                           - Undefined Weak Reference
    _atexit_init                              - Undefined Weak Reference
    _call_atexit_fns                          - Undefined Weak Reference
    _clock_init                               - Undefined Weak Reference
    _fp_trap_init                             - Undefined Weak Reference
    _fp_trap_shutdown                         - Undefined Weak Reference
    _get_lc_collate                           - Undefined Weak Reference
    _get_lc_ctype                             - Undefined Weak Reference
    _get_lc_monetary                          - Undefined Weak Reference
    _get_lc_numeric                           - Undefined Weak Reference
    _get_lc_time                              - Undefined Weak Reference
    _getenv_init                              - Undefined Weak Reference
    _handle_redirection                       - Undefined Weak Reference
    _init_alloc                               - Undefined Weak Reference
    _init_user_alloc                          - Undefined Weak Reference
    _initio                                   - Undefined Weak Reference
    _rand_init                                - Undefined Weak Reference
    _signal_finish                            - Undefined Weak Reference
    _signal_init                              - Undefined Weak Reference
    _terminate_alloc                          - Undefined Weak Reference
    _terminate_user_alloc                     - Undefined Weak Reference
    _terminateio                              - Undefined Weak Reference
    __Vectors                                0x0000c000   Data           0  startup_apollo3.o(RESET)
    __Patchable                              0x0000c0c0   Data           0  startup_apollo3.o(RESET)
    Reset_Handler                            0x0000c101   Thumb Code    28  startup_apollo3.o(RESET)
    NMI_Handler                              0x0000c11f   Thumb Code     2  startup_apollo3.o(RESET)
    MemManage_Handler                        0x0000c121   Thumb Code     2  startup_apollo3.o(RESET)
    BusFault_Handler                         0x0000c123   Thumb Code     2  startup_apollo3.o(RESET)
    UsageFault_Handler                       0x0000c125   Thumb Code     2  startup_apollo3.o(RESET)
    SecureFault_Handler                      0x0000c127   Thumb Code     2  startup_apollo3.o(RESET)
    SVC_Handler                              0x0000c129   Thumb Code     2  startup_apollo3.o(RESET)
    DebugMon_Handler                         0x0000c12b   Thumb Code     2  startup_apollo3.o(RESET)
    PendSV_Handler                           0x0000c12d   Thumb Code     2  startup_apollo3.o(RESET)
    SysTick_Handler                          0x0000c12f   Thumb Code     2  startup_apollo3.o(RESET)
    am_ble_isr                               0x0000c131   Thumb Code     0  startup_apollo3.o(RESET)
    am_brownout_isr                          0x0000c131   Thumb Code     0  startup_apollo3.o(RESET)
    am_clkgen_isr                            0x0000c131   Thumb Code     0  startup_apollo3.o(RESET)
    am_iomaster0_isr                         0x0000c131   Thumb Code     0  startup_apollo3.o(RESET)
    am_iomaster1_isr                         0x0000c131   Thumb Code     0  startup_apollo3.o(RESET)
    am_iomaster2_isr                         0x0000c131   Thumb Code     0  startup_apollo3.o(RESET)
    am_iomaster3_isr                         0x0000c131   Thumb Code     0  startup_apollo3.o(RESET)
    am_iomaster4_isr                         0x0000c131   Thumb Code     0  startup_apollo3.o(RESET)
    am_iomaster5_isr                         0x0000c131   Thumb Code     0  startup_apollo3.o(RESET)
    am_ioslave_acc_isr                       0x0000c131   Thumb Code     0  startup_apollo3.o(RESET)
    am_ioslave_ios_isr                       0x0000c131   Thumb Code     0  startup_apollo3.o(RESET)
    am_mspi0_isr                             0x0000c131   Thumb Code     0  startup_apollo3.o(RESET)
    am_pdm0_isr                              0x0000c131   Thumb Code     0  startup_apollo3.o(RESET)
    am_scard_isr                             0x0000c131   Thumb Code     0  startup_apollo3.o(RESET)
    am_software0_isr                         0x0000c131   Thumb Code     0  startup_apollo3.o(RESET)
    am_stimer_cmpr1_isr                      0x0000c131   Thumb Code     0  startup_apollo3.o(RESET)
    am_stimer_cmpr2_isr                      0x0000c131   Thumb Code     0  startup_apollo3.o(RESET)
    am_stimer_cmpr3_isr                      0x0000c131   Thumb Code     0  startup_apollo3.o(RESET)
    am_stimer_cmpr6_isr                      0x0000c131   Thumb Code     0  startup_apollo3.o(RESET)
    am_stimer_cmpr7_isr                      0x0000c131   Thumb Code     0  startup_apollo3.o(RESET)
    am_stimer_isr                            0x0000c131   Thumb Code     0  startup_apollo3.o(RESET)
    am_uart0_isr                             0x0000c131   Thumb Code     0  startup_apollo3.o(RESET)
    am_uart1_isr                             0x0000c131   Thumb Code     0  startup_apollo3.o(RESET)
    am_uart_isr                              0x0000c131   Thumb Code     0  startup_apollo3.o(RESET)
    am_vcomp_isr                             0x0000c131   Thumb Code     0  startup_apollo3.o(RESET)
    am_watchdog_isr                          0x0000c131   Thumb Code     0  startup_apollo3.o(RESET)
    __main                                   0x0000c139   Thumb Code     8  __main.o(!!!main)
    __scatterload                            0x0000c141   Thumb Code     0  __scatter.o(!!!scatter)
    __scatterload_rt2                        0x0000c141   Thumb Code    84  __scatter.o(!!!scatter)
    __scatterload_rt2_thumb_only             0x0000c141   Thumb Code     0  __scatter.o(!!!scatter)
    __scatterload_loop                       0x0000c14b   Thumb Code     0  __scatter.o(!!!scatter)
    __scatterload_copy                       0x0000c19d   Thumb Code    26  __scatter_copy.o(!!handler_copy)
    __scatterload_null                       0x0000c1b9   Thumb Code     2  __scatter.o(!!handler_null)
    __scatterload_zeroinit                   0x0000c1bd   Thumb Code    28  __scatter_zi.o(!!handler_zi)
    __rt_lib_init                            0x0000c1d9   Thumb Code     0  libinit.o(.ARM.Collect$$libinit$$00000000)
    __rt_lib_init_fp_1                       0x0000c1db   Thumb Code     0  libinit2.o(.ARM.Collect$$libinit$$00000001)
    __rt_lib_init_alloca_1                   0x0000c1df   Thumb Code     0  libinit2.o(.ARM.Collect$$libinit$$00000030)
    __rt_lib_init_argv_1                     0x0000c1df   Thumb Code     0  libinit2.o(.ARM.Collect$$libinit$$0000002E)
    __rt_lib_init_atexit_1                   0x0000c1df   Thumb Code     0  libinit2.o(.ARM.Collect$$libinit$$0000001D)
    __rt_lib_init_clock_1                    0x0000c1df   Thumb Code     0  libinit2.o(.ARM.Collect$$libinit$$00000023)
    __rt_lib_init_cpp_1                      0x0000c1df   Thumb Code     0  libinit2.o(.ARM.Collect$$libinit$$00000034)
    __rt_lib_init_exceptions_1               0x0000c1df   Thumb Code     0  libinit2.o(.ARM.Collect$$libinit$$00000032)
    __rt_lib_init_fp_trap_1                  0x0000c1df   Thumb Code     0  libinit2.o(.ARM.Collect$$libinit$$00000021)
    __rt_lib_init_getenv_1                   0x0000c1df   Thumb Code     0  libinit2.o(.ARM.Collect$$libinit$$00000025)
    __rt_lib_init_heap_1                     0x0000c1df   Thumb Code     0  libinit2.o(.ARM.Collect$$libinit$$0000000C)
    __rt_lib_init_lc_collate_1               0x0000c1df   Thumb Code     0  libinit2.o(.ARM.Collect$$libinit$$00000013)
    __rt_lib_init_lc_ctype_1                 0x0000c1df   Thumb Code     0  libinit2.o(.ARM.Collect$$libinit$$00000015)
    __rt_lib_init_lc_monetary_1              0x0000c1df   Thumb Code     0  libinit2.o(.ARM.Collect$$libinit$$00000017)
    __rt_lib_init_lc_numeric_1               0x0000c1df   Thumb Code     0  libinit2.o(.ARM.Collect$$libinit$$00000019)
    __rt_lib_init_lc_time_1                  0x0000c1df   Thumb Code     0  libinit2.o(.ARM.Collect$$libinit$$0000001B)
    __rt_lib_init_preinit_1                  0x0000c1df   Thumb Code     0  libinit2.o(.ARM.Collect$$libinit$$00000006)
    __rt_lib_init_rand_1                     0x0000c1df   Thumb Code     0  libinit2.o(.ARM.Collect$$libinit$$00000010)
    __rt_lib_init_relocate_pie_1             0x0000c1df   Thumb Code     0  libinit2.o(.ARM.Collect$$libinit$$00000004)
    __rt_lib_init_return                     0x0000c1df   Thumb Code     0  libinit2.o(.ARM.Collect$$libinit$$00000035)
    __rt_lib_init_signal_1                   0x0000c1df   Thumb Code     0  libinit2.o(.ARM.Collect$$libinit$$0000001F)
    __rt_lib_init_stdio_1                    0x0000c1df   Thumb Code     0  libinit2.o(.ARM.Collect$$libinit$$00000027)
    __rt_lib_init_user_alloc_1               0x0000c1df   Thumb Code     0  libinit2.o(.ARM.Collect$$libinit$$0000000E)
    __rt_lib_shutdown                        0x0000c1e1   Thumb Code     0  libshutdown.o(.ARM.Collect$$libshutdown$$00000000)
    __rt_lib_shutdown_cpp_1                  0x0000c1e3   Thumb Code     0  libshutdown2.o(.ARM.Collect$$libshutdown$$00000002)
    __rt_lib_shutdown_fp_trap_1              0x0000c1e3   Thumb Code     0  libshutdown2.o(.ARM.Collect$$libshutdown$$00000007)
    __rt_lib_shutdown_heap_1                 0x0000c1e3   Thumb Code     0  libshutdown2.o(.ARM.Collect$$libshutdown$$0000000F)
    __rt_lib_shutdown_return                 0x0000c1e3   Thumb Code     0  libshutdown2.o(.ARM.Collect$$libshutdown$$00000010)
    __rt_lib_shutdown_signal_1               0x0000c1e3   Thumb Code     0  libshutdown2.o(.ARM.Collect$$libshutdown$$0000000A)
    __rt_lib_shutdown_stdio_1                0x0000c1e3   Thumb Code     0  libshutdown2.o(.ARM.Collect$$libshutdown$$00000004)
    __rt_lib_shutdown_user_alloc_1           0x0000c1e3   Thumb Code     0  libshutdown2.o(.ARM.Collect$$libshutdown$$0000000C)
    __rt_entry                               0x0000c1e5   Thumb Code     0  __rtentry.o(.ARM.Collect$$rtentry$$00000000)
    __rt_entry_presh_1                       0x0000c1e5   Thumb Code     0  __rtentry2.o(.ARM.Collect$$rtentry$$00000002)
    __rt_entry_sh                            0x0000c1e5   Thumb Code     0  __rtentry4.o(.ARM.Collect$$rtentry$$00000004)
    __rt_entry_li                            0x0000c1eb   Thumb Code     0  __rtentry2.o(.ARM.Collect$$rtentry$$0000000A)
    __rt_entry_postsh_1                      0x0000c1eb   Thumb Code     0  __rtentry2.o(.ARM.Collect$$rtentry$$00000009)
    __rt_entry_main                          0x0000c1ef   Thumb Code     0  __rtentry2.o(.ARM.Collect$$rtentry$$0000000D)
    __rt_entry_postli_1                      0x0000c1ef   Thumb Code     0  __rtentry2.o(.ARM.Collect$$rtentry$$0000000C)
    __rt_exit                                0x0000c1f7   Thumb Code     0  rtexit.o(.ARM.Collect$$rtexit$$00000000)
    __rt_exit_ls                             0x0000c1f9   Thumb Code     0  rtexit2.o(.ARM.Collect$$rtexit$$00000003)
    __rt_exit_prels_1                        0x0000c1f9   Thumb Code     0  rtexit2.o(.ARM.Collect$$rtexit$$00000002)
    __rt_exit_exit                           0x0000c1fd   Thumb Code     0  rtexit2.o(.ARM.Collect$$rtexit$$00000004)
    __user_initial_stackheap                 0x0000c205   Thumb Code    10  startup_apollo3.o(.text)
    __use_two_region_memory                  0x0000c21d   Thumb Code     2  heapauxi.o(.text)
    __rt_heap_escrow$2region                 0x0000c21f   Thumb Code     2  heapauxi.o(.text)
    __rt_heap_expand$2region                 0x0000c221   Thumb Code     2  heapauxi.o(.text)
    __user_libspace                          0x0000c225   Thumb Code     8  libspace.o(.text)
    __user_perproc_libspace                  0x0000c225   Thumb Code     0  libspace.o(.text)
    __user_perthread_libspace                0x0000c225   Thumb Code     0  libspace.o(.text)
    __user_setup_stackheap                   0x0000c22d   Thumb Code    74  sys_stackheap_outer.o(.text)
    exit                                     0x0000c277   Thumb Code    18  exit.o(.text)
    _sys_exit                                0x0000c289   Thumb Code     8  sys_exit.o(.text)
    __I$use$semihosting                      0x0000c295   Thumb Code     0  use_no_semi.o(.text)
    __use_no_semihosting_swi                 0x0000c295   Thumb Code     2  use_no_semi.o(.text)
    __semihosting_library_function           0x0000c297   Thumb Code     0  indicate_semi.o(.text)
    HardFault_Handler                        0x0000c299   Thumb Code    26  am_util_faultisr.o(.text.HardFault_Handler)
    SHT4x_GetTempAndHumi                     0x0000c2b5   Thumb Code   258  sht4.o(.text.SHT4x_GetTempAndHumi)
    SpectrometerMeasurement                  0x0000c3b9   Thumb Code   166  taskhandler.o(.text.SpectrometerMeasurement)
    am_adc_isr                               0x0000c4c9   Thumb Code   142  pammeasurements.o(.text.am_adc_isr)
    am_ctimer_isr                            0x0000c559   Thumb Code    68  timing.o(.text.am_ctimer_isr)
    am_device_command_read                   0x0000c59d   Thumb Code   118  i2c.o(.text.am_device_command_read)
    am_device_command_write                  0x0000c615   Thumb Code   116  i2c.o(.text.am_device_command_write)
    am_devices_am1805_config_init            0x0000c689   Thumb Code   258  am1805.o(.text.am_devices_am1805_config_init)
    am_devices_am1805_read_register          0x0000c78d   Thumb Code    82  am1805.o(.text.am_devices_am1805_read_register)
    am_devices_dac63002_1_set_output         0x0000c7e1   Thumb Code    88  dac63002.o(.text.am_devices_dac63002_1_set_output)
    am_gpio_isr                              0x0000c839   Thumb Code    38  gpio.o(.text.am_gpio_isr)
    am_hal_adc_interrupt_clear               0x0000c861   Thumb Code    82  am_hal_adc.o(.text.am_hal_adc_interrupt_clear)
    am_hal_adc_interrupt_status              0x0000c8b5   Thumb Code   132  am_hal_adc.o(.text.am_hal_adc_interrupt_status)
    am_hal_cachectrl_control                 0x0000c939   Thumb Code   672  am_hal_cachectrl.o(.text.am_hal_cachectrl_control)
    am_hal_clkgen_control                    0x0000cbd9   Thumb Code   404  am_hal_clkgen.o(.text.am_hal_clkgen_control)
    am_hal_clkgen_status_get                 0x0000cd6d   Thumb Code    98  am_hal_clkgen.o(.text.am_hal_clkgen_status_get)
    am_hal_cmdq_disable                      0x0000cdd1   Thumb Code   108  am_hal_cmdq.o(.text.am_hal_cmdq_disable)
    am_hal_cmdq_enable                       0x0000ce3d   Thumb Code   108  am_hal_cmdq.o(.text.am_hal_cmdq_enable)
    am_hal_cmdq_init                         0x0000cea9   Thumb Code   300  am_hal_cmdq.o(.text.am_hal_cmdq_init)
    am_hal_ctimer_int_clear                  0x0000cfd5   Thumb Code    34  am_hal_ctimer.o(.text.am_hal_ctimer_int_clear)
    am_hal_ctimer_int_status_get             0x0000cff9   Thumb Code    84  am_hal_ctimer.o(.text.am_hal_ctimer_int_status_get)
    am_hal_flash_delay                       0x0000d04d   Thumb Code    80  am_hal_flash.o(.text.am_hal_flash_delay)
    am_hal_flash_delay_status_check          0x0000d09d   Thumb Code   116  am_hal_flash.o(.text.am_hal_flash_delay_status_check)
    am_hal_flash_load_ui32                   0x0000d111   Thumb Code    24  am_hal_flash.o(.text.am_hal_flash_load_ui32)
    am_hal_flash_store_ui32                  0x0000d129   Thumb Code    60  am_hal_flash.o(.text.am_hal_flash_store_ui32)
    am_hal_gpio_interrupt_clear              0x0000d165   Thumb Code    72  am_hal_gpio.o(.text.am_hal_gpio_interrupt_clear)
    am_hal_gpio_interrupt_service            0x0000d1ad   Thumb Code   238  am_hal_gpio.o(.text.am_hal_gpio_interrupt_service)
    am_hal_gpio_interrupt_status_get         0x0000d29d   Thumb Code   156  am_hal_gpio.o(.text.am_hal_gpio_interrupt_status_get)
    am_hal_gpio_pinconfig                    0x0000d339   Thumb Code   964  am_hal_gpio.o(.text.am_hal_gpio_pinconfig)
    am_hal_gpio_state_write                  0x0000d6fd   Thumb Code   212  am_hal_gpio.o(.text.am_hal_gpio_state_write)
    am_hal_interrupt_master_disable          0x0000d7d1   Thumb Code     8  am_hal_interrupt.o(.text.am_hal_interrupt_master_disable)
    am_hal_interrupt_master_set              0x0000d7d9   Thumb Code     6  am_hal_interrupt.o(.text.am_hal_interrupt_master_set)
    am_hal_iom_CQDisable                     0x0000d7e1   Thumb Code    24  am_hal_iom.o(.text.am_hal_iom_CQDisable)
    am_hal_iom_CQEnable                      0x0000d7f9   Thumb Code    68  am_hal_iom.o(.text.am_hal_iom_CQEnable)
    am_hal_iom_CQInit                        0x0000d83d   Thumb Code    96  am_hal_iom.o(.text.am_hal_iom_CQInit)
    am_hal_iom_blocking_transfer             0x0000d89d   Thumb Code  1290  am_hal_iom.o(.text.am_hal_iom_blocking_transfer)
    am_hal_iom_configure                     0x0000dda9   Thumb Code   594  am_hal_iom.o(.text.am_hal_iom_configure)
    am_hal_iom_enable                        0x0000dffd   Thumb Code   248  am_hal_iom.o(.text.am_hal_iom_enable)
    am_hal_iom_initialize                    0x0000e0f5   Thumb Code   156  am_hal_iom.o(.text.am_hal_iom_initialize)
    am_hal_iom_power_ctrl                    0x0000e191   Thumb Code   874  am_hal_iom.o(.text.am_hal_iom_power_ctrl)
    am_hal_mcuctrl_control                   0x0000e4fd   Thumb Code   596  am_hal_mcuctrl.o(.text.am_hal_mcuctrl_control)
    am_hal_mcuctrl_info_get                  0x0000e751   Thumb Code   174  am_hal_mcuctrl.o(.text.am_hal_mcuctrl_info_get)
    am_hal_pwrctrl_blebuck_trim              0x0000e801   Thumb Code    82  am_hal_pwrctrl.o(.text.am_hal_pwrctrl_blebuck_trim)
    am_hal_pwrctrl_low_power_init            0x0000e855   Thumb Code   282  am_hal_pwrctrl.o(.text.am_hal_pwrctrl_low_power_init)
    am_hal_pwrctrl_periph_disable            0x0000e971   Thumb Code   186  am_hal_pwrctrl.o(.text.am_hal_pwrctrl_periph_disable)
    am_hal_pwrctrl_periph_enable             0x0000ea2d   Thumb Code   226  am_hal_pwrctrl.o(.text.am_hal_pwrctrl_periph_enable)
    am_hal_rtc_int_clear                     0x0000eb11   Thumb Code    20  am_hal_rtc.o(.text.am_hal_rtc_int_clear)
    am_hal_rtc_int_status_get                0x0000eb25   Thumb Code    78  am_hal_rtc.o(.text.am_hal_rtc_int_status_get)
    am_hal_rtc_osc_disable                   0x0000eb75   Thumb Code    18  am_hal_rtc.o(.text.am_hal_rtc_osc_disable)
    am_hal_stimer_compare_delta_set          0x0000eb89   Thumb Code   184  am_hal_stimer.o(.text.am_hal_stimer_compare_delta_set)
    am_hal_stimer_config                     0x0000ec41   Thumb Code    26  am_hal_stimer.o(.text.am_hal_stimer_config)
    am_hal_stimer_int_clear                  0x0000ec5d   Thumb Code    20  am_hal_stimer.o(.text.am_hal_stimer_int_clear)
    am_hal_stimer_int_disable                0x0000ec71   Thumb Code    24  am_hal_stimer.o(.text.am_hal_stimer_int_disable)
    am_hal_stimer_int_enable                 0x0000ec89   Thumb Code    24  am_hal_stimer.o(.text.am_hal_stimer_int_enable)
    am_hal_sysctrl_sleep                     0x0000eca1   Thumb Code   324  am_hal_sysctrl.o(.text.am_hal_sysctrl_sleep)
    am_rtc_isr                               0x0000ede5   Thumb Code    22  rtc.o(.text.am_rtc_isr)
    am_stimer_cmpr0_isr                      0x0000edfd   Thumb Code    86  timing.o(.text.am_stimer_cmpr0_isr)
    am_stimer_cmpr4_isr                      0x0000ee55   Thumb Code    22  timing.o(.text.am_stimer_cmpr4_isr)
    am_stimer_cmpr5_isr                      0x0000ee6d   Thumb Code    72  timing.o(.text.am_stimer_cmpr5_isr)
    am_util_delay_ms                         0x0000eeb5   Thumb Code    48  am_util_delay.o(.text.am_util_delay_ms)
    am_util_faultisr_collect_data            0x0000eee5   Thumb Code   210  am_util_faultisr.o(.text.am_util_faultisr_collect_data)
    am_util_stdio_printf                     0x0000efb9   Thumb Code    92  am_util_stdio.o(.text.am_util_stdio_printf)
    am_util_stdio_vsprintf                   0x0000f015   Thumb Code  1620  am_util_stdio.o(.text.am_util_stdio_vsprintf)
    as7341_config                            0x0000f669   Thumb Code   106  as7341.o(.text.as7341_config)
    as7341_convertGain                       0x0000f6d5   Thumb Code   132  as7341.o(.text.as7341_convertGain)
    as7341_delayForData                      0x0000f759   Thumb Code   134  as7341.o(.text.as7341_delayForData)
    as7341_delayForSMUX                      0x0000f7e1   Thumb Code   134  as7341.o(.text.as7341_delayForSMUX)
    as7341_enable                            0x0000f869   Thumb Code    76  as7341.o(.text.as7341_enable)
    as7341_getASTEP                          0x0000f8b5   Thumb Code    86  as7341.o(.text.as7341_getASTEP)
    as7341_getATIME                          0x0000f90d   Thumb Code    90  as7341.o(.text.as7341_getATIME)
    as7341_getGain                           0x0000f969   Thumb Code    90  as7341.o(.text.as7341_getGain)
    as7341_getTINT                           0x0000f9c9   Thumb Code   192  as7341.o(.text.as7341_getTINT)
    as7341_setASTEP                          0x0000faa1   Thumb Code    86  as7341.o(.text.as7341_setASTEP)
    as7341_setATIME                          0x0000faf9   Thumb Code    84  as7341.o(.text.as7341_setATIME)
    as7341_setGain                           0x0000fb4d   Thumb Code    84  as7341.o(.text.as7341_setGain)
    as7341_startMeasurement                  0x0000fba1   Thumb Code    78  as7341.o(.text.as7341_startMeasurement)
    as7341_stopMeasuring                     0x0000fbf1   Thumb Code    78  as7341.o(.text.as7341_stopMeasuring)
    as7341_testCommunication                 0x0000fc41   Thumb Code   112  as7341.o(.text.as7341_testCommunication)
    as7341_transmitMeasurements              0x0000fcb1   Thumb Code   276  as7341.o(.text.as7341_transmitMeasurements)
    as7341_writeSMUXmapping                  0x0000fdc5   Thumb Code   994  as7341.o(.text.as7341_writeSMUXmapping)
    autogainSpec                             0x000101a9   Thumb Code    92  taskhandler.o(.text.autogainSpec)
    dataPrepare                              0x00010371   Thumb Code    36  dac63002.o(.text.dataPrepare)
    device_I2C_init                          0x0001043d   Thumb Code   370  i2c.o(.text.device_I2C_init)
    executeSpecMeasurement                   0x0001084d   Thumb Code   496  taskhandler.o(.text.executeSpecMeasurement)
    executeTempMeasurement                   0x00010a3d   Thumb Code    92  taskhandler.o(.text.executeTempMeasurement)
    getStackedReg                            0x00010cc9   Thumb Code     8  am_util_faultisr.o(.text.getStackedReg)
    gpioWrite                                0x00010cd1   Thumb Code    56  gpio.o(.text.gpioWrite)
    initSpecMeasurement                      0x00010d09   Thumb Code    38  taskhandler.o(.text.initSpecMeasurement)
    internal_iom_get_int_err                 0x00010d31   Thumb Code   124  am_hal_iom.o(.text.internal_iom_get_int_err)
    main                                     0x00011259   Thumb Code    54  main.o(.text.main)
    sht4_read_temp_humidity                  0x00011659   Thumb Code   368  sht4.o(.text.sht4_read_temp_humidity)
    timerDelay                               0x000118b5   Thumb Code   104  timing.o(.text.timerDelay)
    turnOffTemp                              0x0001191d   Thumb Code    28  device.o(.text.turnOffTemp)
    turnOnI2C                                0x00011939   Thumb Code    96  device.o(.text.turnOnI2C)
    validate_transaction                     0x00011ae1   Thumb Code   222  am_hal_iom.o(.text.validate_transaction)
    __aeabi_d2f                              0x00011bc1   Thumb Code     0  d2f.o(x$fpl$d2f)
    _d2f                                     0x00011bc1   Thumb Code    98  d2f.o(x$fpl$d2f)
    __aeabi_dadd                             0x00011c25   Thumb Code     0  daddsub_clz.o(x$fpl$dadd)
    _dadd                                    0x00011c25   Thumb Code   332  daddsub_clz.o(x$fpl$dadd)
    __aeabi_ddiv                             0x00011d75   Thumb Code     0  ddiv.o(x$fpl$ddiv)
    _ddiv                                    0x00011d75   Thumb Code   560  ddiv.o(x$fpl$ddiv)
    __aeabi_d2iz                             0x0001202d   Thumb Code     0  dfix.o(x$fpl$dfix)
    _dfix                                    0x0001202d   Thumb Code    94  dfix.o(x$fpl$dfix)
    __aeabi_ui2d                             0x0001208b   Thumb Code     0  dflt_clz.o(x$fpl$dfltu)
    _dfltu                                   0x0001208b   Thumb Code    38  dflt_clz.o(x$fpl$dfltu)
    __aeabi_dmul                             0x000120b1   Thumb Code     0  dmul.o(x$fpl$dmul)
    _dmul                                    0x000120b1   Thumb Code   332  dmul.o(x$fpl$dmul)
    __fpl_dnaninf                            0x00012205   Thumb Code   156  dnaninf.o(x$fpl$dnaninf)
    __fpl_dretinf                            0x000122a1   Thumb Code    12  dretinf.o(x$fpl$dretinf)
    __aeabi_dsub                             0x000122ad   Thumb Code     0  daddsub_clz.o(x$fpl$dsub)
    _dsub                                    0x000122ad   Thumb Code   472  daddsub_clz.o(x$fpl$dsub)
    __aeabi_f2d                              0x00012489   Thumb Code     0  f2d.o(x$fpl$f2d)
    _f2d                                     0x00012489   Thumb Code    86  f2d.o(x$fpl$f2d)
    __fpl_fnaninf                            0x000124df   Thumb Code   140  fnaninf.o(x$fpl$fnaninf)
    _fp_init                                 0x0001256b   Thumb Code    26  fpinit.o(x$fpl$fpinit)
    __fplib_config_fpu_vfp                   0x00012583   Thumb Code     0  fpinit.o(x$fpl$fpinit)
    __fplib_config_pureend_doubles           0x00012583   Thumb Code     0  fpinit.o(x$fpl$fpinit)
    __fpl_fretinf                            0x00012585   Thumb Code    10  fretinf.o(x$fpl$fretinf)
    __I$use$fp                               0x0001258e   Number         0  usenofp.o(x$fpl$usenofp)
    am_hal_pwrctrl_peripheral_control        0x00012590   Data         180  am_hal_pwrctrl.o(.rodata.am_hal_pwrctrl_peripheral_control)
    g_AM_BSP_GPIO_IOM1_SCL                   0x00012784   Data           4  gpio.o(.rodata.g_AM_BSP_GPIO_IOM1_SCL)
    g_AM_BSP_GPIO_IOM1_SDA                   0x00012788   Data           4  gpio.o(.rodata.g_AM_BSP_GPIO_IOM1_SDA)
    g_AM_HAL_GPIO_DISABLE                    0x0001278c   Data           4  am_hal_gpio.o(.rodata.g_AM_HAL_GPIO_DISABLE)
    g_AM_HAL_GPIO_OUTPUT                     0x00012790   Data           4  am_hal_gpio.o(.rodata.g_AM_HAL_GPIO_OUTPUT)
    g_am_hal_flash                           0x00012794   Data          96  am_hal_flash.o(.rodata.g_am_hal_flash)
    g_am_hal_mcuctrl_flash_size              0x000127f4   Data          64  am_hal_mcuctrl.o(.rodata.g_am_hal_mcuctrl_flash_size)
    g_am_hal_mcuctrl_sram_size               0x00012834   Data          64  am_hal_mcuctrl.o(.rodata.g_am_hal_mcuctrl_sram_size)
    Region$$Table$$Base                      0x00012c34   Number         0  anon$$obj.o(Region$$Table)
    Region$$Table$$Limit                     0x00012c54   Number         0  anon$$obj.o(Region$$Table)
    I2C_cfg                                  0x10000000   Data          20  i2c.o(.data.I2C_cfg)
    adcChMap                                 0x10000014   Data           6  as7341.o(.data.adcChMap)
    dacdata                                  0x1000001a   Data           2  timing.o(.data.dacdata)
    __libspace_start                         0x10000020   Data          96  libspace.o(.bss)
    I2C_dev                                  0x10000080   Data          12  i2c.o(.bss.I2C_dev)
    __temporary_stack_top$libspace           0x10000080   Data           0  libspace.o(.bss)
    I2Cbuffer                                0x1000008c   Data        1024  i2c.o(.bss.I2Cbuffer)
    PAM_phase                                0x1000048c   Data           1  device.o(.bss.PAM_phase)
    firstChannels                            0x1000048d   Data           1  as7341.o(.bss.firstChannels)
    gAmHalResetStatus                        0x100005f0   Data           4  am_hal_reset.o(.bss.gAmHalResetStatus)
    g_IOMhandles                             0x100005f8   Data       13272  am_hal_iom.o(.bss.g_IOMhandles)
    g_am_hal_sysctrl_sleep_count             0x100039d0   Data           4  am_hal_sysctrl.o(.bss.g_am_hal_sysctrl_sleep_count)
    g_bADCDMAComplete                        0x100039d4   Data           1  pammeasurements.o(.bss.g_bADCDMAComplete)
    g_bADCDMAError                           0x100039d5   Data           1  pammeasurements.o(.bss.g_bADCDMAError)
    g_delayDone                              0x100039d7   Data           1  timing.o(.bss.g_delayDone)
    g_pfnCharPrint                           0x100039d8   Data           4  am_util_stdio.o(.bss.g_pfnCharPrint)
    interval                                 0x10003f6c   Data           4  timing.o(.bss.interval)
    my_IomdevHdl                             0x10003f70   Data           4  i2c.o(.bss.my_IomdevHdl)
    my_pIomHandle                            0x10003f74   Data           4  i2c.o(.bss.my_pIomHandle)
    pin                                      0x10003f7c   Data           4  timing.o(.bss.pin)
    wait                                     0x10003f80   Data           4  timing.o(.bss.wait)



==============================================================================

Memory Map of the image

  Image Entry point : 0x0000c139

  Load Region LR_IROM1 (Base: 0x0000c000, Size: 0x00006c78, Max: 0x000f4000, ABSOLUTE)

    Execution Region ER_IROM1 (Exec base: 0x0000c000, Load base: 0x0000c000, Size: 0x00006c54, Max: 0x000f4000, ABSOLUTE)

    Exec Addr    Load Addr    Size         Type   Attr      Idx    E Section Name        Object

    0x0000c000   0x0000c000   0x00000138   Code   RO         4210    RESET               startup_apollo3.o
    0x0000c138   0x0000c138   0x00000008   Code   RO         4250  * !!!main             c_w.l(__main.o)
    0x0000c140   0x0000c140   0x0000005c   Code   RO         4627    !!!scatter          c_w.l(__scatter.o)
    0x0000c19c   0x0000c19c   0x0000001a   Code   RO         4631    !!handler_copy      c_w.l(__scatter_copy.o)
    0x0000c1b6   0x0000c1b6   0x00000002   PAD
    0x0000c1b8   0x0000c1b8   0x00000002   Code   RO         4628    !!handler_null      c_w.l(__scatter.o)
    0x0000c1ba   0x0000c1ba   0x00000002   PAD
    0x0000c1bc   0x0000c1bc   0x0000001c   Code   RO         4633    !!handler_zi        c_w.l(__scatter_zi.o)
    0x0000c1d8   0x0000c1d8   0x00000002   Code   RO         4496    .ARM.Collect$$libinit$$00000000  c_w.l(libinit.o)
    0x0000c1da   0x0000c1da   0x00000004   Code   RO         4505    .ARM.Collect$$libinit$$00000001  c_w.l(libinit2.o)
    0x0000c1de   0x0000c1de   0x00000000   Code   RO         4508    .ARM.Collect$$libinit$$00000004  c_w.l(libinit2.o)
    0x0000c1de   0x0000c1de   0x00000000   Code   RO         4510    .ARM.Collect$$libinit$$00000006  c_w.l(libinit2.o)
    0x0000c1de   0x0000c1de   0x00000000   Code   RO         4513    .ARM.Collect$$libinit$$0000000C  c_w.l(libinit2.o)
    0x0000c1de   0x0000c1de   0x00000000   Code   RO         4515    .ARM.Collect$$libinit$$0000000E  c_w.l(libinit2.o)
    0x0000c1de   0x0000c1de   0x00000000   Code   RO         4517    .ARM.Collect$$libinit$$00000010  c_w.l(libinit2.o)
    0x0000c1de   0x0000c1de   0x00000000   Code   RO         4520    .ARM.Collect$$libinit$$00000013  c_w.l(libinit2.o)
    0x0000c1de   0x0000c1de   0x00000000   Code   RO         4522    .ARM.Collect$$libinit$$00000015  c_w.l(libinit2.o)
    0x0000c1de   0x0000c1de   0x00000000   Code   RO         4524    .ARM.Collect$$libinit$$00000017  c_w.l(libinit2.o)
    0x0000c1de   0x0000c1de   0x00000000   Code   RO         4526    .ARM.Collect$$libinit$$00000019  c_w.l(libinit2.o)
    0x0000c1de   0x0000c1de   0x00000000   Code   RO         4528    .ARM.Collect$$libinit$$0000001B  c_w.l(libinit2.o)
    0x0000c1de   0x0000c1de   0x00000000   Code   RO         4530    .ARM.Collect$$libinit$$0000001D  c_w.l(libinit2.o)
    0x0000c1de   0x0000c1de   0x00000000   Code   RO         4532    .ARM.Collect$$libinit$$0000001F  c_w.l(libinit2.o)
    0x0000c1de   0x0000c1de   0x00000000   Code   RO         4534    .ARM.Collect$$libinit$$00000021  c_w.l(libinit2.o)
    0x0000c1de   0x0000c1de   0x00000000   Code   RO         4536    .ARM.Collect$$libinit$$00000023  c_w.l(libinit2.o)
    0x0000c1de   0x0000c1de   0x00000000   Code   RO         4538    .ARM.Collect$$libinit$$00000025  c_w.l(libinit2.o)
    0x0000c1de   0x0000c1de   0x00000000   Code   RO         4540    .ARM.Collect$$libinit$$00000027  c_w.l(libinit2.o)
    0x0000c1de   0x0000c1de   0x00000000   Code   RO         4544    .ARM.Collect$$libinit$$0000002E  c_w.l(libinit2.o)
    0x0000c1de   0x0000c1de   0x00000000   Code   RO         4546    .ARM.Collect$$libinit$$00000030  c_w.l(libinit2.o)
    0x0000c1de   0x0000c1de   0x00000000   Code   RO         4548    .ARM.Collect$$libinit$$00000032  c_w.l(libinit2.o)
    0x0000c1de   0x0000c1de   0x00000000   Code   RO         4550    .ARM.Collect$$libinit$$00000034  c_w.l(libinit2.o)
    0x0000c1de   0x0000c1de   0x00000002   Code   RO         4551    .ARM.Collect$$libinit$$00000035  c_w.l(libinit2.o)
    0x0000c1e0   0x0000c1e0   0x00000002   Code   RO         4582    .ARM.Collect$$libshutdown$$00000000  c_w.l(libshutdown.o)
    0x0000c1e2   0x0000c1e2   0x00000000   Code   RO         4610    .ARM.Collect$$libshutdown$$00000002  c_w.l(libshutdown2.o)
    0x0000c1e2   0x0000c1e2   0x00000000   Code   RO         4612    .ARM.Collect$$libshutdown$$00000004  c_w.l(libshutdown2.o)
    0x0000c1e2   0x0000c1e2   0x00000000   Code   RO         4615    .ARM.Collect$$libshutdown$$00000007  c_w.l(libshutdown2.o)
    0x0000c1e2   0x0000c1e2   0x00000000   Code   RO         4618    .ARM.Collect$$libshutdown$$0000000A  c_w.l(libshutdown2.o)
    0x0000c1e2   0x0000c1e2   0x00000000   Code   RO         4620    .ARM.Collect$$libshutdown$$0000000C  c_w.l(libshutdown2.o)
    0x0000c1e2   0x0000c1e2   0x00000000   Code   RO         4623    .ARM.Collect$$libshutdown$$0000000F  c_w.l(libshutdown2.o)
    0x0000c1e2   0x0000c1e2   0x00000002   Code   RO         4624    .ARM.Collect$$libshutdown$$00000010  c_w.l(libshutdown2.o)
    0x0000c1e4   0x0000c1e4   0x00000000   Code   RO         4369    .ARM.Collect$$rtentry$$00000000  c_w.l(__rtentry.o)
    0x0000c1e4   0x0000c1e4   0x00000000   Code   RO         4451    .ARM.Collect$$rtentry$$00000002  c_w.l(__rtentry2.o)
    0x0000c1e4   0x0000c1e4   0x00000006   Code   RO         4463    .ARM.Collect$$rtentry$$00000004  c_w.l(__rtentry4.o)
    0x0000c1ea   0x0000c1ea   0x00000000   Code   RO         4453    .ARM.Collect$$rtentry$$00000009  c_w.l(__rtentry2.o)
    0x0000c1ea   0x0000c1ea   0x00000004   Code   RO         4454    .ARM.Collect$$rtentry$$0000000A  c_w.l(__rtentry2.o)
    0x0000c1ee   0x0000c1ee   0x00000000   Code   RO         4456    .ARM.Collect$$rtentry$$0000000C  c_w.l(__rtentry2.o)
    0x0000c1ee   0x0000c1ee   0x00000008   Code   RO         4457    .ARM.Collect$$rtentry$$0000000D  c_w.l(__rtentry2.o)
    0x0000c1f6   0x0000c1f6   0x00000002   Code   RO         4497    .ARM.Collect$$rtexit$$00000000  c_w.l(rtexit.o)
    0x0000c1f8   0x0000c1f8   0x00000000   Code   RO         4557    .ARM.Collect$$rtexit$$00000002  c_w.l(rtexit2.o)
    0x0000c1f8   0x0000c1f8   0x00000004   Code   RO         4558    .ARM.Collect$$rtexit$$00000003  c_w.l(rtexit2.o)
    0x0000c1fc   0x0000c1fc   0x00000006   Code   RO         4559    .ARM.Collect$$rtexit$$00000004  c_w.l(rtexit2.o)
    0x0000c202   0x0000c202   0x00000002   PAD
    0x0000c204   0x0000c204   0x00000018   Code   RO         4211    .text               startup_apollo3.o
    0x0000c21c   0x0000c21c   0x00000006   Code   RO         4248    .text               c_w.l(heapauxi.o)
    0x0000c222   0x0000c222   0x00000002   PAD
    0x0000c224   0x0000c224   0x00000008   Code   RO         4480    .text               c_w.l(libspace.o)
    0x0000c22c   0x0000c22c   0x0000004a   Code   RO         4483    .text               c_w.l(sys_stackheap_outer.o)
    0x0000c276   0x0000c276   0x00000012   Code   RO         4485    .text               c_w.l(exit.o)
    0x0000c288   0x0000c288   0x0000000c   Code   RO         4552    .text               c_w.l(sys_exit.o)
    0x0000c294   0x0000c294   0x00000002   Code   RO         4571    .text               c_w.l(use_no_semi.o)
    0x0000c296   0x0000c296   0x00000000   Code   RO         4573    .text               c_w.l(indicate_semi.o)
    0x0000c296   0x0000c296   0x00000002   PAD
    0x0000c298   0x0000c298   0x0000001a   Code   RO         1958    .text.HardFault_Handler  am_util_faultisr.o
    0x0000c2b2   0x0000c2b2   0x00000002   PAD
    0x0000c2b4   0x0000c2b4   0x00000102   Code   RO         1846    .text.SHT4x_GetTempAndHumi  sht4.o
    0x0000c3b6   0x0000c3b6   0x00000002   PAD
    0x0000c3b8   0x0000c3b8   0x000000a6   Code   RO         1679    .text.SpectrometerMeasurement  taskhandler.o
    0x0000c45e   0x0000c45e   0x00000002   PAD
    0x0000c460   0x0000c460   0x00000038   Code   RO         1612    .text.__NVIC_DisableIRQ  timing.o
    0x0000c498   0x0000c498   0x00000030   Code   RO         1608    .text.__NVIC_EnableIRQ  timing.o
    0x0000c4c8   0x0000c4c8   0x0000008e   Code   RO         1702    .text.am_adc_isr    pammeasurements.o
    0x0000c556   0x0000c556   0x00000002   PAD
    0x0000c558   0x0000c558   0x00000044   Code   RO         1628    .text.am_ctimer_isr  timing.o
    0x0000c59c   0x0000c59c   0x00000076   Code   RO         1526    .text.am_device_command_read  i2c.o
    0x0000c612   0x0000c612   0x00000002   PAD
    0x0000c614   0x0000c614   0x00000074   Code   RO         1524    .text.am_device_command_write  i2c.o
    0x0000c688   0x0000c688   0x00000102   Code   RO         1261    .text.am_devices_am1805_config_init  am1805.o
    0x0000c78a   0x0000c78a   0x00000002   PAD
    0x0000c78c   0x0000c78c   0x00000052   Code   RO         1263    .text.am_devices_am1805_read_register  am1805.o
    0x0000c7de   0x0000c7de   0x00000002   PAD
    0x0000c7e0   0x0000c7e0   0x00000058   Code   RO         1370    .text.am_devices_dac63002_1_set_output  dac63002.o
    0x0000c838   0x0000c838   0x00000026   Code   RO         1492    .text.am_gpio_isr   gpio.o
    0x0000c85e   0x0000c85e   0x00000002   PAD
    0x0000c860   0x0000c860   0x00000052   Code   RO           35    .text.am_hal_adc_interrupt_clear  am_hal_adc.o
    0x0000c8b2   0x0000c8b2   0x00000002   PAD
    0x0000c8b4   0x0000c8b4   0x00000084   Code   RO           33    .text.am_hal_adc_interrupt_status  am_hal_adc.o
    0x0000c938   0x0000c938   0x000002a0   Code   RO          213    .text.am_hal_cachectrl_control  am_hal_cachectrl.o
    0x0000cbd8   0x0000cbd8   0x00000194   Code   RO          231    .text.am_hal_clkgen_control  am_hal_clkgen.o
    0x0000cd6c   0x0000cd6c   0x00000062   Code   RO          233    .text.am_hal_clkgen_status_get  am_hal_clkgen.o
    0x0000cdce   0x0000cdce   0x00000002   PAD
    0x0000cdd0   0x0000cdd0   0x0000006c   Code   RO          258    .text.am_hal_cmdq_disable  am_hal_cmdq.o
    0x0000ce3c   0x0000ce3c   0x0000006c   Code   RO          256    .text.am_hal_cmdq_enable  am_hal_cmdq.o
    0x0000cea8   0x0000cea8   0x0000012c   Code   RO          254    .text.am_hal_cmdq_init  am_hal_cmdq.o
    0x0000cfd4   0x0000cfd4   0x00000022   Code   RO          333    .text.am_hal_ctimer_int_clear  am_hal_ctimer.o
    0x0000cff6   0x0000cff6   0x00000002   PAD
    0x0000cff8   0x0000cff8   0x00000054   Code   RO          337    .text.am_hal_ctimer_int_status_get  am_hal_ctimer.o
    0x0000d04c   0x0000d04c   0x00000050   Code   RO          405    .text.am_hal_flash_delay  am_hal_flash.o
    0x0000d09c   0x0000d09c   0x00000074   Code   RO          409    .text.am_hal_flash_delay_status_check  am_hal_flash.o
    0x0000d110   0x0000d110   0x00000018   Code   RO          453    .text.am_hal_flash_load_ui32  am_hal_flash.o
    0x0000d128   0x0000d128   0x0000003c   Code   RO          455    .text.am_hal_flash_store_ui32  am_hal_flash.o
    0x0000d164   0x0000d164   0x00000048   Code   RO          496    .text.am_hal_gpio_interrupt_clear  am_hal_gpio.o
    0x0000d1ac   0x0000d1ac   0x000000ee   Code   RO          504    .text.am_hal_gpio_interrupt_service  am_hal_gpio.o
    0x0000d29a   0x0000d29a   0x00000002   PAD
    0x0000d29c   0x0000d29c   0x0000009c   Code   RO          498    .text.am_hal_gpio_interrupt_status_get  am_hal_gpio.o
    0x0000d338   0x0000d338   0x000003c4   Code   RO          480    .text.am_hal_gpio_pinconfig  am_hal_gpio.o
    0x0000d6fc   0x0000d6fc   0x000000d4   Code   RO          490    .text.am_hal_gpio_state_write  am_hal_gpio.o
    0x0000d7d0   0x0000d7d0   0x00000008   Code   RO          538    .text.am_hal_interrupt_master_disable  am_hal_interrupt.o
    0x0000d7d8   0x0000d7d8   0x00000006   Code   RO          540    .text.am_hal_interrupt_master_set  am_hal_interrupt.o
    0x0000d7de   0x0000d7de   0x00000002   PAD
    0x0000d7e0   0x0000d7e0   0x00000018   Code   RO          561    .text.am_hal_iom_CQDisable  am_hal_iom.o
    0x0000d7f8   0x0000d7f8   0x00000044   Code   RO          559    .text.am_hal_iom_CQEnable  am_hal_iom.o
    0x0000d83c   0x0000d83c   0x00000060   Code   RO          551    .text.am_hal_iom_CQInit  am_hal_iom.o
    0x0000d89c   0x0000d89c   0x0000050a   Code   RO          597    .text.am_hal_iom_blocking_transfer  am_hal_iom.o
    0x0000dda6   0x0000dda6   0x00000002   PAD
    0x0000dda8   0x0000dda8   0x00000252   Code   RO          593    .text.am_hal_iom_configure  am_hal_iom.o
    0x0000dffa   0x0000dffa   0x00000002   PAD
    0x0000dffc   0x0000dffc   0x000000f8   Code   RO          571    .text.am_hal_iom_enable  am_hal_iom.o
    0x0000e0f4   0x0000e0f4   0x0000009c   Code   RO          569    .text.am_hal_iom_initialize  am_hal_iom.o
    0x0000e190   0x0000e190   0x0000036a   Code   RO          591    .text.am_hal_iom_power_ctrl  am_hal_iom.o
    0x0000e4fa   0x0000e4fa   0x00000002   PAD
    0x0000e4fc   0x0000e4fc   0x00000254   Code   RO          713    .text.am_hal_mcuctrl_control  am_hal_mcuctrl.o
    0x0000e750   0x0000e750   0x000000ae   Code   RO          717    .text.am_hal_mcuctrl_info_get  am_hal_mcuctrl.o
    0x0000e7fe   0x0000e7fe   0x00000002   PAD
    0x0000e800   0x0000e800   0x00000052   Code   RO          862    .text.am_hal_pwrctrl_blebuck_trim  am_hal_pwrctrl.o
    0x0000e852   0x0000e852   0x00000002   PAD
    0x0000e854   0x0000e854   0x0000011a   Code   RO          858    .text.am_hal_pwrctrl_low_power_init  am_hal_pwrctrl.o
    0x0000e96e   0x0000e96e   0x00000002   PAD
    0x0000e970   0x0000e970   0x000000ba   Code   RO          846    .text.am_hal_pwrctrl_periph_disable  am_hal_pwrctrl.o
    0x0000ea2a   0x0000ea2a   0x00000002   PAD
    0x0000ea2c   0x0000ea2c   0x000000e2   Code   RO          844    .text.am_hal_pwrctrl_periph_enable  am_hal_pwrctrl.o
    0x0000eb0e   0x0000eb0e   0x00000002   PAD
    0x0000eb10   0x0000eb10   0x00000014   Code   RO          925    .text.am_hal_rtc_int_clear  am_hal_rtc.o
    0x0000eb24   0x0000eb24   0x0000004e   Code   RO          927    .text.am_hal_rtc_int_status_get  am_hal_rtc.o
    0x0000eb72   0x0000eb72   0x00000002   PAD
    0x0000eb74   0x0000eb74   0x00000012   Code   RO          913    .text.am_hal_rtc_osc_disable  am_hal_rtc.o
    0x0000eb86   0x0000eb86   0x00000002   PAD
    0x0000eb88   0x0000eb88   0x000000b8   Code   RO         1064    .text.am_hal_stimer_compare_delta_set  am_hal_stimer.o
    0x0000ec40   0x0000ec40   0x0000001a   Code   RO         1058    .text.am_hal_stimer_config  am_hal_stimer.o
    0x0000ec5a   0x0000ec5a   0x00000002   PAD
    0x0000ec5c   0x0000ec5c   0x00000014   Code   RO         1086    .text.am_hal_stimer_int_clear  am_hal_stimer.o
    0x0000ec70   0x0000ec70   0x00000018   Code   RO         1082    .text.am_hal_stimer_int_disable  am_hal_stimer.o
    0x0000ec88   0x0000ec88   0x00000018   Code   RO         1078    .text.am_hal_stimer_int_enable  am_hal_stimer.o
    0x0000eca0   0x0000eca0   0x00000144   Code   RO         1097    .text.am_hal_sysctrl_sleep  am_hal_sysctrl.o
    0x0000ede4   0x0000ede4   0x00000016   Code   RO         1662    .text.am_rtc_isr    rtc.o
    0x0000edfa   0x0000edfa   0x00000002   PAD
    0x0000edfc   0x0000edfc   0x00000056   Code   RO         1622    .text.am_stimer_cmpr0_isr  timing.o
    0x0000ee52   0x0000ee52   0x00000002   PAD
    0x0000ee54   0x0000ee54   0x00000016   Code   RO         1624    .text.am_stimer_cmpr4_isr  timing.o
    0x0000ee6a   0x0000ee6a   0x00000002   PAD
    0x0000ee6c   0x0000ee6c   0x00000048   Code   RO         1626    .text.am_stimer_cmpr5_isr  timing.o
    0x0000eeb4   0x0000eeb4   0x00000030   Code   RO         1947    .text.am_util_delay_ms  am_util_delay.o
    0x0000eee4   0x0000eee4   0x000000d2   Code   RO         1962    .text.am_util_faultisr_collect_data  am_util_faultisr.o
    0x0000efb6   0x0000efb6   0x00000002   PAD
    0x0000efb8   0x0000efb8   0x0000005c   Code   RO         2071    .text.am_util_stdio_printf  am_util_stdio.o
    0x0000f014   0x0000f014   0x00000654   Code   RO         2049    .text.am_util_stdio_vsprintf  am_util_stdio.o
    0x0000f668   0x0000f668   0x0000006a   Code   RO         1298    .text.as7341_config  as7341.o
    0x0000f6d2   0x0000f6d2   0x00000002   PAD
    0x0000f6d4   0x0000f6d4   0x00000084   Code   RO         1318    .text.as7341_convertGain  as7341.o
    0x0000f758   0x0000f758   0x00000086   Code   RO         1330    .text.as7341_delayForData  as7341.o
    0x0000f7de   0x0000f7de   0x00000002   PAD
    0x0000f7e0   0x0000f7e0   0x00000086   Code   RO         1332    .text.as7341_delayForSMUX  as7341.o
    0x0000f866   0x0000f866   0x00000002   PAD
    0x0000f868   0x0000f868   0x0000004c   Code   RO         1290    .text.as7341_enable  as7341.o
    0x0000f8b4   0x0000f8b4   0x00000056   Code   RO         1308    .text.as7341_getASTEP  as7341.o
    0x0000f90a   0x0000f90a   0x00000002   PAD
    0x0000f90c   0x0000f90c   0x0000005a   Code   RO         1310    .text.as7341_getATIME  as7341.o
    0x0000f966   0x0000f966   0x00000002   PAD
    0x0000f968   0x0000f968   0x0000005a   Code   RO         1306    .text.as7341_getGain  as7341.o
    0x0000f9c2   0x0000f9c2   0x00000006   PAD
    0x0000f9c8   0x0000f9c8   0x000000d8   Code   RO         1314    .text.as7341_getTINT  as7341.o
    0x0000faa0   0x0000faa0   0x00000056   Code   RO         1302    .text.as7341_setASTEP  as7341.o
    0x0000faf6   0x0000faf6   0x00000002   PAD
    0x0000faf8   0x0000faf8   0x00000054   Code   RO         1300    .text.as7341_setATIME  as7341.o
    0x0000fb4c   0x0000fb4c   0x00000054   Code   RO         1304    .text.as7341_setGain  as7341.o
    0x0000fba0   0x0000fba0   0x0000004e   Code   RO         1294    .text.as7341_startMeasurement  as7341.o
    0x0000fbee   0x0000fbee   0x00000002   PAD
    0x0000fbf0   0x0000fbf0   0x0000004e   Code   RO         1296    .text.as7341_stopMeasuring  as7341.o
    0x0000fc3e   0x0000fc3e   0x00000002   PAD
    0x0000fc40   0x0000fc40   0x00000070   Code   RO         1292    .text.as7341_testCommunication  as7341.o
    0x0000fcb0   0x0000fcb0   0x00000114   Code   RO         1324    .text.as7341_transmitMeasurements  as7341.o
    0x0000fdc4   0x0000fdc4   0x000003e2   Code   RO         1320    .text.as7341_writeSMUXmapping  as7341.o
    0x000101a6   0x000101a6   0x00000002   PAD
    0x000101a8   0x000101a8   0x0000005c   Code   RO         1681    .text.autogainSpec  taskhandler.o
    0x00010204   0x00010204   0x0000007e   Code   RO          599    .text.build_cmd     am_hal_iom.o
    0x00010282   0x00010282   0x00000002   PAD
    0x00010284   0x00010284   0x00000096   Code   RO         1844    .text.calculate_crc  sht4.o
    0x0001031a   0x0001031a   0x00000002   PAD
    0x0001031c   0x0001031c   0x00000054   Code   RO          621    .text.compute_freq  am_hal_iom.o
    0x00010370   0x00010370   0x00000024   Code   RO         1350    .text.dataPrepare   dac63002.o
    0x00010394   0x00010394   0x000000a6   Code   RO         2051    .text.decstr_to_int  am_util_stdio.o
    0x0001043a   0x0001043a   0x00000002   PAD
    0x0001043c   0x0001043c   0x00000172   Code   RO         1520    .text.device_I2C_init  i2c.o
    0x000105ae   0x000105ae   0x00000002   PAD
    0x000105b0   0x000105b0   0x0000013c   Code   RO          719    .text.device_info_get  am_hal_mcuctrl.o
    0x000106ec   0x000106ec   0x00000118   Code   RO         2081    .text.divu64_10     am_util_stdio.o
    0x00010804   0x00010804   0x00000048   Code   RO          573    .text.enable_submodule  am_hal_iom.o
    0x0001084c   0x0001084c   0x000001f0   Code   RO         1677    .text.executeSpecMeasurement  taskhandler.o
    0x00010a3c   0x00010a3c   0x0000005c   Code   RO         1685    .text.executeTempMeasurement  taskhandler.o
    0x00010a98   0x00010a98   0x00000230   Code   RO         2067    .text.ftoa          am_util_stdio.o
    0x00010cc8   0x00010cc8   0x00000008   Code   RO         1960    .text.getStackedReg  am_util_faultisr.o
    0x00010cd0   0x00010cd0   0x00000038   Code   RO         1482    .text.gpioWrite     gpio.o
    0x00010d08   0x00010d08   0x00000026   Code   RO         1675    .text.initSpecMeasurement  taskhandler.o
    0x00010d2e   0x00010d2e   0x00000002   PAD
    0x00010d30   0x00010d30   0x0000007c   Code   RO          549    .text.internal_iom_get_int_err  am_hal_iom.o
    0x00010dac   0x00010dac   0x0000024e   Code   RO          587    .text.internal_iom_reset_on_error  am_hal_iom.o
    0x00010ffa   0x00010ffa   0x00000002   PAD
    0x00010ffc   0x00010ffc   0x0000025a   Code   RO          595    .text.iom_get_interface_clock_cfg  am_hal_iom.o
    0x00011256   0x00011256   0x00000002   PAD
    0x00011258   0x00011258   0x00000036   Code   RO            2    .text.main          main.o
    0x0001128e   0x0001128e   0x00000002   PAD
    0x00011290   0x00011290   0x00000066   Code   RO          721    .text.mcuctrl_fault_status  am_hal_mcuctrl.o
    0x000112f6   0x000112f6   0x00000002   PAD
    0x000112f8   0x000112f8   0x0000003e   Code   RO         2057    .text.ndigits_in_hex  am_util_stdio.o
    0x00011336   0x00011336   0x00000002   PAD
    0x00011338   0x00011338   0x00000030   Code   RO         2065    .text.ndigits_in_i64  am_util_stdio.o
    0x00011368   0x00011368   0x0000003c   Code   RO         2061    .text.ndigits_in_u64  am_util_stdio.o
    0x000113a4   0x000113a4   0x00000028   Code   RO          623    .text.onebit        am_hal_iom.o
    0x000113cc   0x000113cc   0x00000050   Code   RO         2055    .text.padbuffer     am_util_stdio.o
    0x0001141c   0x0001141c   0x00000022   Code   RO          482    .text.pincfg_equ    am_hal_gpio.o
    0x0001143e   0x0001143e   0x00000002   PAD
    0x00011440   0x00011440   0x000000de   Code   RO          848    .text.pwrctrl_periph_disable_msk_check  am_hal_pwrctrl.o
    0x0001151e   0x0001151e   0x00000002   PAD
    0x00011520   0x00011520   0x00000066   Code   RO          215    .text.set_LPMMODE   am_hal_cachectrl.o
    0x00011586   0x00011586   0x00000002   PAD
    0x00011588   0x00011588   0x00000066   Code   RO          219    .text.set_RDWAIT    am_hal_cachectrl.o
    0x000115ee   0x000115ee   0x00000002   PAD
    0x000115f0   0x000115f0   0x00000066   Code   RO          217    .text.set_SEDELAY   am_hal_cachectrl.o
    0x00011656   0x00011656   0x00000002   PAD
    0x00011658   0x00011658   0x00000184   Code   RO         1842    .text.sht4_read_temp_humidity  sht4.o
    0x000117dc   0x000117dc   0x000000a0   Code   RO          860    .text.simobuck_updates  am_hal_pwrctrl.o
    0x0001187c   0x0001187c   0x00000036   Code   RO         2053    .text.simple_strlen  am_util_stdio.o
    0x000118b2   0x000118b2   0x00000002   PAD
    0x000118b4   0x000118b4   0x00000068   Code   RO         1610    .text.timerDelay    timing.o
    0x0001191c   0x0001191c   0x0000001c   Code   RO         1419    .text.turnOffTemp   device.o
    0x00011938   0x00011938   0x00000060   Code   RO         1405    .text.turnOnI2C     device.o
    0x00011998   0x00011998   0x000000c0   Code   RO         2059    .text.uint64_to_hexstr  am_util_stdio.o
    0x00011a58   0x00011a58   0x00000088   Code   RO         2063    .text.uint64_to_str  am_util_stdio.o
    0x00011ae0   0x00011ae0   0x000000de   Code   RO          563    .text.validate_transaction  am_hal_iom.o
    0x00011bbe   0x00011bbe   0x00000002   PAD
    0x00011bc0   0x00011bc0   0x00000062   Code   RO         4252    x$fpl$d2f           fz_wm.l(d2f.o)
    0x00011c22   0x00011c22   0x00000002   PAD
    0x00011c24   0x00011c24   0x00000150   Code   RO         4256    x$fpl$dadd          fz_wm.l(daddsub_clz.o)
    0x00011d74   0x00011d74   0x000002b8   Code   RO         4265    x$fpl$ddiv          fz_wm.l(ddiv.o)
    0x0001202c   0x0001202c   0x0000005e   Code   RO         4268    x$fpl$dfix          fz_wm.l(dfix.o)
    0x0001208a   0x0001208a   0x00000026   Code   RO         4280    x$fpl$dfltu         fz_wm.l(dflt_clz.o)
    0x000120b0   0x000120b0   0x00000154   Code   RO         4286    x$fpl$dmul          fz_wm.l(dmul.o)
    0x00012204   0x00012204   0x0000009c   Code   RO         4384    x$fpl$dnaninf       fz_wm.l(dnaninf.o)
    0x000122a0   0x000122a0   0x0000000c   Code   RO         4386    x$fpl$dretinf       fz_wm.l(dretinf.o)
    0x000122ac   0x000122ac   0x000001dc   Code   RO         4258    x$fpl$dsub          fz_wm.l(daddsub_clz.o)
    0x00012488   0x00012488   0x00000056   Code   RO         4288    x$fpl$f2d           fz_wm.l(f2d.o)
    0x000124de   0x000124de   0x0000008c   Code   RO         4394    x$fpl$fnaninf       fz_wm.l(fnaninf.o)
    0x0001256a   0x0001256a   0x0000001a   Code   RO         4569    x$fpl$fpinit        fz_wm.l(fpinit.o)
    0x00012584   0x00012584   0x0000000a   Code   RO         4396    x$fpl$fretinf       fz_wm.l(fretinf.o)
    0x0001258e   0x0001258e   0x00000000   Code   RO         4400    x$fpl$usenofp       fz_wm.l(usenofp.o)
    0x0001258e   0x0001258e   0x00000002   PAD
    0x00012590   0x00012590   0x000000b4   Data   RO          865    .rodata.am_hal_pwrctrl_peripheral_control  am_hal_pwrctrl.o
    0x00012644   0x00012644   0x00000140   Data   RO          281    .rodata.gAmHalCmdQReg  am_hal_cmdq.o
    0x00012784   0x00012784   0x00000004   Data   RO         1504    .rodata.g_AM_BSP_GPIO_IOM1_SCL  gpio.o
    0x00012788   0x00012788   0x00000004   Data   RO         1505    .rodata.g_AM_BSP_GPIO_IOM1_SDA  gpio.o
    0x0001278c   0x0001278c   0x00000004   Data   RO          510    .rodata.g_AM_HAL_GPIO_DISABLE  am_hal_gpio.o
    0x00012790   0x00012790   0x00000004   Data   RO          518    .rodata.g_AM_HAL_GPIO_OUTPUT  am_hal_gpio.o
    0x00012794   0x00012794   0x00000060   Data   RO          457    .rodata.g_am_hal_flash  am_hal_flash.o
    0x000127f4   0x000127f4   0x00000040   Data   RO          723    .rodata.g_am_hal_mcuctrl_flash_size  am_hal_mcuctrl.o
    0x00012834   0x00012834   0x00000040   Data   RO          724    .rodata.g_am_hal_mcuctrl_sram_size  am_hal_mcuctrl.o
    0x00012874   0x00012874   0x00000032   Data   RO          523    .rodata.g_ui8Bit76Capabilities  am_hal_gpio.o
    0x000128a6   0x000128a6   0x00000032   Data   RO          524    .rodata.g_ui8Inpen  am_hal_gpio.o
    0x000128d8   0x000128d8   0x000000c8   Data   RO          526    .rodata.g_ui8NCEtable  am_hal_gpio.o
    0x000129a0   0x000129a0   0x00000032   Data   RO          525    .rodata.g_ui8nCEpins  am_hal_gpio.o
    0x000129d2   0x000129d2   0x00000213   Data   RO         1730    .rodata.str1.1      pammeasurements.o
    0x00012be5   0x00012be5   0x0000004e   Data   RO         1849    .rodata.str1.1      sht4.o
    0x00012c33   0x00012c33   0x00000001   PAD
    0x00012c34   0x00012c34   0x00000020   Data   RO         4626    Region$$Table       anon$$obj.o


    Execution Region RW_IRAM1 (Exec base: 0x10000000, Load base: 0x00012c58, Size: 0x00004f88, Max: 0x00060000, ABSOLUTE)

    Exec Addr    Load Addr    Size         Type   Attr      Idx    E Section Name        Object

    0x10000000   0x00012c58   0x00000014   Data   RW         1528    .data.I2C_cfg       i2c.o
    0x10000014   0x00012c6c   0x00000006   Data   RW         1334    .data.adcChMap      as7341.o
    0x1000001a   0x00012c72   0x00000002   Data   RW         1636    .data.dacdata       timing.o
    0x1000001c   0x00012c74   0x00000001   Data   RW         1692    .data.new_gain      taskhandler.o
    0x1000001d   0x00012c75   0x00000003   PAD
    0x10000020        -       0x00000060   Zero   RW         4481    .bss                c_w.l(libspace.o)
    0x10000080        -       0x0000000c   Zero   RW         1530    .bss.I2C_dev        i2c.o
    0x1000008c        -       0x00000400   Zero   RW         1529    .bss.I2Cbuffer      i2c.o
    0x1000048c        -       0x00000001   Zero   RW         1466    .bss.PAM_phase      device.o
    0x1000048d        -       0x00000001   Zero   RW         1335    .bss.firstChannels  as7341.o
    0x1000048e   0x00012c75   0x00000002   PAD
    0x10000490        -       0x00000160   Zero   RW          280    .bss.gAmHalCmdq     am_hal_cmdq.o
    0x100005f0        -       0x00000004   Zero   RW          901    .bss.gAmHalResetStatus  am_hal_reset.o
    0x100005f4        -       0x00000004   Zero   RW         1729    .bss.g_ADCHandle    pammeasurements.o
    0x100005f8        -       0x000033d8   Zero   RW          625    .bss.g_IOMhandles   am_hal_iom.o
    0x100039d0        -       0x00000004   Zero   RW         1111    .bss.g_am_hal_sysctrl_sleep_count  am_hal_sysctrl.o
    0x100039d4        -       0x00000001   Zero   RW         1731    .bss.g_bADCDMAComplete  pammeasurements.o
    0x100039d5        -       0x00000001   Zero   RW         1732    .bss.g_bADCDMAError  pammeasurements.o
    0x100039d6        -       0x00000001   Zero   RW         2084    .bss.g_bTxtXlate    am_util_stdio.o
    0x100039d7        -       0x00000001   Zero   RW         1637    .bss.g_delayDone    timing.o
    0x100039d8        -       0x00000004   Zero   RW         2083    .bss.g_pfnCharPrint  am_util_stdio.o
    0x100039dc        -       0x00000400   Zero   RW         2085    .bss.g_prfbuf       am_util_stdio.o
    0x10003ddc        -       0x000000c8   Zero   RW          528    .bss.gpio_pHandlerCtxt  am_hal_gpio.o
    0x10003ea4        -       0x000000c8   Zero   RW          527    .bss.gpio_ppfnHandlers  am_hal_gpio.o
    0x10003f6c        -       0x00000004   Zero   RW         1638    .bss.interval       timing.o
    0x10003f70        -       0x00000004   Zero   RW         1532    .bss.my_IomdevHdl   i2c.o
    0x10003f74        -       0x00000004   Zero   RW         1531    .bss.my_pIomHandle  i2c.o
    0x10003f78        -       0x00000001   Zero   RW         1691    .bss.parInitialized  taskhandler.o
    0x10003f79   0x00012c75   0x00000003   PAD
    0x10003f7c        -       0x00000004   Zero   RW         1634    .bss.pin            timing.o
    0x10003f80        -       0x00000004   Zero   RW         1635    .bss.wait           timing.o
    0x10003f84   0x00012c75   0x00000004   PAD
    0x10003f88        -       0x00000000   Zero   RW         4209    HEAP                startup_apollo3.o
    0x10003f88        -       0x00001000   Zero   RW         4208    STACK               startup_apollo3.o


==============================================================================

Image component sizes


      Code (inc. data)   RO Data    RW Data    ZI Data      Debug   Object Name

       340          0          0          0          0       4924   am1805.o
       214          0          0          0          0      15903   am_hal_adc.o
       978         18          0          0          0       7716   am_hal_cachectrl.o
       502         10          0          0          0      17844   am_hal_clkgen.o
       516          0        320          0        352       7356   am_hal_cmdq.o
       118          0          0          0          0      51127   am_hal_ctimer.o
       280          0         96          0          0      20573   am_hal_flash.o
      1676         10        358          0        400      29988   am_hal_gpio.o
        14          0          0          0          0        806   am_hal_interrupt.o
      5210          0          0          0      13272      41375   am_hal_iom.o
      1188         38        128          0          0      14133   am_hal_mcuctrl.o
      1158          0        180          0          0      21127   am_hal_pwrctrl.o
         0          0          0          0          4       5156   am_hal_reset.o
       116          0          0          0          0       8694   am_hal_rtc.o
       278          0          0          0          0      41948   am_hal_stimer.o
       324          0          0          0          4      11198   am_hal_sysctrl.o
        48          0          0          0          0       1277   am_util_delay.o
       244          0          0          0          0       1967   am_util_faultisr.o
      3350        102          0          0       1029       8626   am_util_stdio.o
      2856         36          0          6          1       7319   as7341.o
       124          0          0          0          0       7069   dac63002.o
       124          0          0          0          1       6385   device.o
        94          0          8          0          0       3763   gpio.o
       604          0          0         20       1044       4052   i2c.o
        54          0          0          0          0       2961   main.o
       142          0        531          0          6      30160   pammeasurements.o
        22          0          0          0          0       4944   rtc.o
       796         20         78          0          0       2500   sht4.o
       336        276          0          0       4096       1332   startup_apollo3.o
       884          0          0          1          1       6198   taskhandler.o
       456          0          0          2         13       6110   timing.o

    ----------------------------------------------------------------------
     23160        510       1732         32      20232     394531   Object Totals
         0          0         32          0          0          0   (incl. Generated)
       114          0          1          3          9          0   (incl. Padding)

    ----------------------------------------------------------------------

      Code (inc. data)   RO Data    RW Data    ZI Data      Debug   Library Member Name

         8          0          0          0          0         68   __main.o
         0          0          0          0          0          0   __rtentry.o
        12          0          0          0          0          0   __rtentry2.o
         6          0          0          0          0          0   __rtentry4.o
        94          8          0          0          0          0   __scatter.o
        26          0          0          0          0          0   __scatter_copy.o
        28          0          0          0          0          0   __scatter_zi.o
        18          0          0          0          0         80   exit.o
         6          0          0          0          0        152   heapauxi.o
         0          0          0          0          0          0   indicate_semi.o
         2          0          0          0          0          0   libinit.o
         6          0          0          0          0          0   libinit2.o
         2          0          0          0          0          0   libshutdown.o
         2          0          0          0          0          0   libshutdown2.o
         8          4          0          0         96         68   libspace.o
         2          0          0          0          0          0   rtexit.o
        10          0          0          0          0          0   rtexit2.o
        12          4          0          0          0         68   sys_exit.o
        74          0          0          0          0         80   sys_stackheap_outer.o
         2          0          0          0          0         68   use_no_semi.o
        98          4          0          0          0        140   d2f.o
       812         16          0          0          0        392   daddsub_clz.o
       696        140          0          0          0        264   ddiv.o
        94          4          0          0          0        140   dfix.o
        38          0          0          0          0        116   dflt_clz.o
       340         12          0          0          0        152   dmul.o
       156          4          0          0          0        140   dnaninf.o
        12          0          0          0          0        116   dretinf.o
        86          4          0          0          0        132   f2d.o
       140          4          0          0          0        132   fnaninf.o
        26          0          0          0          0        116   fpinit.o
        10          0          0          0          0        116   fretinf.o
         0          0          0          0          0          0   usenofp.o

    ----------------------------------------------------------------------
      2840        204          0          0         96       2540   Library Totals
        14          0          0          0          0          0   (incl. Padding)

    ----------------------------------------------------------------------

      Code (inc. data)   RO Data    RW Data    ZI Data      Debug   Library Name

       318         16          0          0         96        584   c_w.l
      2508        188          0          0          0       1956   fz_wm.l

    ----------------------------------------------------------------------
      2840        204          0          0         96       2540   Library Totals

    ----------------------------------------------------------------------

==============================================================================


      Code (inc. data)   RO Data    RW Data    ZI Data      Debug   

     26000        714       1732         32      20328     395123   Grand Totals
     26000        714       1732         32      20328     395123   ELF Image Totals
     26000        714       1732         32          0          0   ROM Totals

==============================================================================

    Total RO  Size (Code + RO Data)                27732 (  27.08kB)
    Total RW  Size (RW Data + ZI Data)             20360 (  19.88kB)
    Total ROM Size (Code + RO Data + RW Data)      27764 (  27.11kB)

==============================================================================

